Archive member included to satisfy reference by file (symbol)

/usr/lib/gcc/avr/16.1.0/avr5/libgcc.a(_umulhisi3.o)
                              build/ds1307.o (__umulhisi3)
/usr/lib/gcc/avr/16.1.0/avr5/libgcc.a(_divmodhi4.o)
                              build/hd44780.o (__divmodhi4)
/usr/lib/gcc/avr/16.1.0/avr5/libgcc.a(_udivmodsi4.o)
                              build/twi.o (__udivmodsi4)
/usr/lib/gcc/avr/16.1.0/avr5/libgcc.a(_tablejump2.o)
                              build/sevenSegmentsDisplay.o (__tablejump2__)
/usr/lib/gcc/avr/16.1.0/avr5/libgcc.a(_copy_data.o)
                              build/twi.o (__do_copy_data)
/usr/lib/gcc/avr/16.1.0/avr5/libgcc.a(_clear_bss.o)
                              build/hd44780.o (__do_clear_bss)
/usr/lib/gcc/avr/16.1.0/avr5/libgcc.a(_ctors.o)
                              build/adc.o (__do_global_ctors)
/usr/lib/gcc/avr/16.1.0/avr5/libgcc.a(_dtors.o)
                              build/twi.o (__do_global_dtors)
/usr/lib/gcc/avr/16.1.0/avr5/libgcc.a(_muluhisi3.o)
                              build/usart0.o (__muluhisi3)
/usr/lib/gcc/avr/16.1.0/avr5/libgcc.a(_ashrdi3.o)
                              build/usart0.o (__lshrdi3)
/usr/lib/gcc/avr/16.1.0/avr5/libgcc.a(_udivmodhi4.o)
                              /usr/lib/gcc/avr/16.1.0/avr5/libgcc.a(_divmodhi4.o) (__udivmodhi4)
/usr/lib/gcc/avr/16.1.0/../../../../avr/lib/avr5/libc.a(calloc.o)
                              build/twi.o (calloc)
/usr/lib/gcc/avr/16.1.0/../../../../avr/lib/avr5/libc.a(malloc.o)
                              /usr/lib/gcc/avr/16.1.0/../../../../avr/lib/avr5/libc.a(calloc.o) (malloc)
/usr/lib/gcc/avr/16.1.0/../../../../avr/lib/avr5/libc.a(memset.o)
                              /usr/lib/gcc/avr/16.1.0/../../../../avr/lib/avr5/libc.a(calloc.o) (memset)
/usr/lib/gcc/avr/16.1.0/../../../../avr/lib/avr5/libc.a(iob.o)
                              build/hd44780.o (__iob)
/usr/lib/gcc/avr/16.1.0/../../../../avr/lib/avr5/libc.a(printf.o)
                              build/debug.o (printf)
/usr/lib/gcc/avr/16.1.0/../../../../avr/lib/avr5/libc.a(puts.o)
                              build/main.o (puts)
/usr/lib/gcc/avr/16.1.0/../../../../avr/lib/avr5/libc.a(sprintf_p.o)
                              build/debug.o (sprintf_P)
/usr/lib/gcc/avr/16.1.0/../../../../avr/lib/avr5/libc.a(vfprintf_std.o)
                              /usr/lib/gcc/avr/16.1.0/../../../../avr/lib/avr5/libc.a(printf.o) (vfprintf)
/usr/lib/gcc/avr/16.1.0/../../../../avr/lib/avr5/libc.a(strnlen_P.o)
                              /usr/lib/gcc/avr/16.1.0/../../../../avr/lib/avr5/libc.a(vfprintf_std.o) (strnlen_P)
/usr/lib/gcc/avr/16.1.0/../../../../avr/lib/avr5/libc.a(strnlen.o)
                              /usr/lib/gcc/avr/16.1.0/../../../../avr/lib/avr5/libc.a(vfprintf_std.o) (strnlen)
/usr/lib/gcc/avr/16.1.0/../../../../avr/lib/avr5/libc.a(fputc.o)
                              /usr/lib/gcc/avr/16.1.0/../../../../avr/lib/avr5/libc.a(vfprintf_std.o) (fputc)
/usr/lib/gcc/avr/16.1.0/../../../../avr/lib/avr5/libc.a(ultoa_invert.o)
                              /usr/lib/gcc/avr/16.1.0/../../../../avr/lib/avr5/libc.a(vfprintf_std.o) (__ultoa_invert)
/usr/lib/gcc/avr/16.1.0/../../../../avr/lib/avr5/libatmega328p.a(init_sp.o)
                              /usr/lib/gcc/avr/16.1.0/../../../../avr/lib/avr5/crtatmega328p.o (__init_sp)
/usr/lib/gcc/avr/16.1.0/../../../../avr/lib/avr5/libatmega328p.a(call_main.o)
                              /usr/lib/gcc/avr/16.1.0/../../../../avr/lib/avr5/crtatmega328p.o (__call_main)
/usr/lib/gcc/avr/16.1.0/avr5/libgcc.a(_negsi2.o)
                              /usr/lib/gcc/avr/16.1.0/../../../../avr/lib/avr5/libc.a(vfprintf_std.o) (__negsi2)
/usr/lib/gcc/avr/16.1.0/avr5/libgcc.a(_exit.o)
                              /usr/lib/gcc/avr/16.1.0/../../../../avr/lib/avr5/libatmega328p.a(call_main.o) (exit)
/usr/lib/gcc/avr/16.1.0/avr5/libgcc.a(_prologue.o)
                              /usr/lib/gcc/avr/16.1.0/../../../../avr/lib/avr5/libc.a(printf.o) (__prologue_saves__)
/usr/lib/gcc/avr/16.1.0/avr5/libgcc.a(_epilogue.o)
                              /usr/lib/gcc/avr/16.1.0/../../../../avr/lib/avr5/libc.a(printf.o) (__epilogue_restores__)

Merging object attributes


Discarded input sections

 .data          0x00000000        0x0 /usr/lib/gcc/avr/16.1.0/../../../../avr/lib/avr5/crtatmega328p.o
 .bss           0x00000000        0x0 /usr/lib/gcc/avr/16.1.0/../../../../avr/lib/avr5/crtatmega328p.o
 .debug_abbrev  0x00000000      0x5a2 /usr/lib/gcc/avr/16.1.0/../../../../avr/lib/avr5/crtatmega328p.o
 .debug_info    0x00000000      0x5f4 /usr/lib/gcc/avr/16.1.0/../../../../avr/lib/avr5/crtatmega328p.o
 .debug_line    0x00000000       0x1d /usr/lib/gcc/avr/16.1.0/../../../../avr/lib/avr5/crtatmega328p.o
 .debug_str     0x00000000      0x208 /usr/lib/gcc/avr/16.1.0/../../../../avr/lib/avr5/crtatmega328p.o
 .text          0x00000000        0x0 build/ds1307.o
 .data          0x00000000        0x0 build/ds1307.o
[...]
Memory Configuration

Name             Origin             Length             Attributes
text             0x00000000         0x00008000         xr
data             0x00800100         0x00000800         rw!x
eeprom           0x00810000         0x00000400         rw!x
fuse             0x00820000         0x00000003         rw!x
lock             0x00830000         0x00000400         rw!x
signature        0x00840000         0x00000400         rw!x
user_signatures  0x00850000         0x00000400         rw!x
*default*        0x00000000         0xffffffff

Linker script and memory map

Address of section .data set to 0x800100
LOAD /usr/lib/gcc/avr/16.1.0/../../../../avr/lib/avr5/crtatmega328p.o
LOAD build/ds1307.o
LOAD build/hd44780.o
LOAD build/sevenSegmentsDisplay.o
LOAD build/sevenSegmentsMuxDisplay.o
LOAD build/adc.o
LOAD build/gpioBus.o
LOAD build/gpioPin.o
LOAD build/int0.o
LOAD build/int1.o
LOAD build/pcint0.o
LOAD build/pcint1.o
LOAD build/pcint2.o
LOAD build/timer0.o
LOAD build/timer1.o
LOAD build/timer2.o
LOAD build/twi.o
LOAD build/usart0.o
LOAD build/dateTime.o
LOAD build/debug.o
LOAD build/systemStatus.o
LOAD build/main.o
LOAD /usr/lib/gcc/avr/16.1.0/avr5/libgcc.a
LOAD /usr/lib/gcc/avr/16.1.0/../../../../avr/lib/avr5/libm.a
START GROUP
LOAD /usr/lib/gcc/avr/16.1.0/avr5/libgcc.a
LOAD /usr/lib/gcc/avr/16.1.0/../../../../avr/lib/avr5/libm.a
LOAD /usr/lib/gcc/avr/16.1.0/../../../../avr/lib/avr5/libc.a
LOAD /usr/lib/gcc/avr/16.1.0/../../../../avr/lib/avr5/libatmega328p.a
END GROUP
                [0x00000000]                      __TEXT_REGION_ORIGIN__ = DEFINED (__TEXT_REGION_ORIGIN__)?__TEXT_REGION_ORIGIN__:0x0
                [0x00008000]                      __TEXT_REGION_LENGTH__ = DEFINED (__TEXT_REGION_LENGTH__)?__TEXT_REGION_LENGTH__:0x20000
                [0x00800100]                      __DATA_REGION_ORIGIN__ = DEFINED (__DATA_REGION_ORIGIN__)?__DATA_REGION_ORIGIN__:0x800060
                [0x00000800]                      __DATA_REGION_LENGTH__ = DEFINED (__DATA_REGION_LENGTH__)?__DATA_REGION_LENGTH__:0xffa0
                [0x00000400]                      __EEPROM_REGION_LENGTH__ = DEFINED (__EEPROM_REGION_LENGTH__)?__EEPROM_REGION_LENGTH__:0x10000
                [0x00000003]                      __FUSE_REGION_LENGTH__ = DEFINED (__FUSE_REGION_LENGTH__)?__FUSE_REGION_LENGTH__:0x400
                0x00000400                        __LOCK_REGION_LENGTH__ = DEFINED (__LOCK_REGION_LENGTH__)?__LOCK_REGION_LENGTH__:0x400
                0x00000400                        __SIGNATURE_REGION_LENGTH__ = DEFINED (__SIGNATURE_REGION_LENGTH__)?__SIGNATURE_REGION_LENGTH__:0x400
                0x00000400                        __USER_SIGNATURE_REGION_LENGTH__ = DEFINED (__USER_SIGNATURE_REGION_LENGTH__)?__USER_SIGNATURE_REGION_LENGTH__:0x400

.hash
 *(.hash)

.dynsym
 *(.dynsym)

.dynstr
 *(.dynstr)

.gnu.version
 *(.gnu.version)

.gnu.version_d
 *(.gnu.version_d)

.gnu.version_r
 *(.gnu.version_r)

.rel.init
 *(.rel.init)

.rela.init
 *(.rela.init)

.rel.text
 *(.rel.text)
 *(.rel.text.*)
 *(.rel.gnu.linkonce.t*)

.rela.text
 *(.rela.text)
 *(.rela.text.*)
 *(.rela.gnu.linkonce.t*)

.rel.fini
 *(.rel.fini)

.rela.fini
 *(.rela.fini)

.rel.rodata
 *(.rel.rodata)
 *(.rel.rodata.*)
 *(.rel.gnu.linkonce.r*)

.rela.rodata
 *(.rela.rodata)
 *(.rela.rodata.*)
 *(.rela.gnu.linkonce.r*)

.rel.data
 *(.rel.data)
 *(.rel.data.*)
 *(.rel.gnu.linkonce.d*)

.rela.data
 *(.rela.data)
 *(.rela.data.*)
 *(.rela.gnu.linkonce.d*)

.rel.ctors
 *(.rel.ctors)

.rela.ctors
 *(.rela.ctors)

.rel.dtors
 *(.rel.dtors)

.rela.dtors
 *(.rela.dtors)

.rel.got
 *(.rel.got)

.rela.got
 *(.rela.got)

.rel.bss
 *(.rel.bss)

.rela.bss
 *(.rela.bss)

.rel.plt
 *(.rel.plt)

.rela.plt
 *(.rela.plt)

.text           0x00000000     0x246c
 *(.vectors)
 .vectors       0x00000000       0x68 /usr/lib/gcc/avr/16.1.0/../../../../avr/lib/avr5/crtatmega328p.o
                0x00000000                __vectors
                0x00000000                __vector_default
 *(.vectors)
                0x00000068                        __progmem_start = .
 *(.progmem)
 *(.progmem.*)
                0x00000068                        __progmem_end = .
                0x00000001                        ASSERT (((__progmem_start == __progmem_end) || (__progmem_end <= 0x10000)), .progmem section exceeds 0x10000)
                0x00000068                        . = ALIGN (0x2)
                0x00000068                        __trampolines_start = .
 *(.trampolines)
 .trampolines   0x00000068        0x0 linker stubs
 *(.trampolines*)
                0x00000068                        __trampolines_end = .
                0x00000068                        . = ALIGN (0x2)
 *(.lowtext)
 *(.lowtext*)
                0x00000068                        __ctors_start = .
 *(.ctors)
 .ctors         0x00000068        0x2 build/adc.o
 .ctors         0x0000006a        0x2 build/int0.o
 .ctors         0x0000006c        0x2 build/int1.o
 .ctors         0x0000006e        0x2 build/pcint0.o
 .ctors         0x00000070        0x2 build/pcint1.o
 .ctors         0x00000072        0x2 build/pcint2.o
 .ctors         0x00000074        0x2 build/timer0.o
 .ctors         0x00000076        0x2 build/timer1.o
 .ctors         0x00000078        0x2 build/timer2.o
 .ctors         0x0000007a        0x2 build/twi.o
 .ctors         0x0000007c        0x2 build/usart0.o
 .ctors         0x0000007e        0x2 build/debug.o
 .ctors         0x00000080        0x2 build/systemStatus.o
 .ctors         0x00000082        0x2 build/main.o
                0x00000084                        __ctors_end = .
                0x00000084                        __dtors_start = .
 *(.dtors)
 .dtors         0x00000084        0x2 build/twi.o
 .dtors         0x00000086        0x2 build/main.o
                0x00000088                        __dtors_end = .
 SORT_BY_NAME(*)(.ctors)
 SORT_BY_NAME(*)(.dtors)
 *(.init0)
 .init0         0x00000088        0x0 /usr/lib/gcc/avr/16.1.0/../../../../avr/lib/avr5/crtatmega328p.o
                0x00000088                __init
 *(.init0)
 *(.init1)
 *(.init1)
 *(.init2)
 .init2         0x00000088        0x4 /usr/lib/gcc/avr/16.1.0/../../../../avr/lib/avr5/crtatmega328p.o
 .init2         0x0000008c        0x8 /usr/lib/gcc/avr/16.1.0/../../../../avr/lib/avr5/libatmega328p.a(init_sp.o)
                0x0000008c                __init_sp
 *(.init2)
 *(.init3)
 *(.init3)
 *(.init4)
 .init4         0x00000094       0x16 /usr/lib/gcc/avr/16.1.0/avr5/libgcc.a(_copy_data.o)
                0x00000094                __do_copy_data
 .init4         0x000000aa       0x10 /usr/lib/gcc/avr/16.1.0/avr5/libgcc.a(_clear_bss.o)
                0x000000aa                __do_clear_bss
 *(.init4)
 *(.init5)
 *(.init5)
 *(.init6)
 .init6         0x000000ba       0x16 /usr/lib/gcc/avr/16.1.0/avr5/libgcc.a(_ctors.o)
                0x000000ba                __do_global_ctors
 *(.init6)
 *(.init7)
 *(.init7)
 *(.init8)
 *(.init8)
 *(.init9)
 .init9         0x000000d0        0x8 /usr/lib/gcc/avr/16.1.0/../../../../avr/lib/avr5/libatmega328p.a(call_main.o)
                0x000000d0                __call_main
 *(.init9)
 *(.text)
 .text          0x000000d8        0x4 /usr/lib/gcc/avr/16.1.0/../../../../avr/lib/avr5/crtatmega328p.o
                0x000000d8                __vector_22
                0x000000d8                __bad_interrupt
                0x000000d8                __vector_6
                0x000000d8                __vector_23
                0x000000d8                __vector_25
                0x000000d8                __vector_17
                0x000000dc                        . = ALIGN (0x2)
 *(.text.*)
 .text._ZN3AdcC2Ev
                0x000000dc       0x28 build/adc.o
                0x000000dc                Adc::Adc()
                0x000000dc                Adc::Adc()
 .text._Z41__static_initialization_and_destruction_0v
                0x00000104        0xa build/adc.o
 .text._Z29adcConversionCompleteCallbackv
                0x0000010e        0x2 build/adc.o
                0x0000010e                adcConversionCompleteCallback()
 .text.__vector_21
                0x00000110       0x48 build/adc.o
                0x00000110                __vector_21
 .text._GLOBAL__sub_I__ZN3Adc9_instanceE
                0x00000158        0x6 build/adc.o
 .text._ZN7GpioBusC2Ev
                0x0000015e       0x22 build/gpioBus.o
                0x0000015e                GpioBus::GpioBus()
                0x0000015e                GpioBus::GpioBus()
 .text._ZN7GpioBusD2Ev
                0x00000180        0x2 build/gpioBus.o
                0x00000180                GpioBus::~GpioBus()
                0x00000180                GpioBus::~GpioBus()
 .text._ZN7GpioBus4initEPVh8PinIndexh
                0x00000182       0xce build/gpioBus.o
                0x00000182                GpioBus::init(unsigned char volatile*, PinIndex, unsigned char)
 .text._ZN7GpioBus7setModeE7PinMode
                0x00000250       0x70 build/gpioBus.o
                0x00000250                GpioBus::setMode(PinMode)
 .text._ZN7GpioPinC2Ev
                0x000002c0       0x1c build/gpioPin.o
                0x000002c0                GpioPin::GpioPin()
                0x000002c0                GpioPin::GpioPin()
 .text._ZN7GpioPinD2Ev
                0x000002dc        0x2 build/gpioPin.o
                0x000002dc                GpioPin::~GpioPin()
                0x000002dc                GpioPin::~GpioPin()
 .text._ZN7GpioPin4initEPVh8PinIndex
                0x000002de       0x64 build/gpioPin.o
                0x000002de                GpioPin::init(unsigned char volatile*, PinIndex)
 .text._ZN7GpioPin7setModeE7PinMode
                0x00000342       0x6e build/gpioPin.o
                0x00000342                GpioPin::setMode(PinMode)
 .text._ZN4Int0C2Ev
                0x000003b0       0x10 build/int0.o
                0x000003b0                Int0::Int0()
                0x000003b0                Int0::Int0()
 .text._Z41__static_initialization_and_destruction_0v
                0x000003c0        0xa build/int0.o
 .text._Z21int0InterruptCallbackv
                0x000003ca        0x2 build/int0.o
                0x000003ca                int0InterruptCallback()
 .text.__vector_1
                0x000003cc       0x48 build/int0.o
                0x000003cc                __vector_1
 .text._GLOBAL__sub_I__ZN4Int09_instanceE
                0x00000414        0x6 build/int0.o
 .text._ZN4Int1C2Ev
                0x0000041a       0x10 build/int1.o
                0x0000041a                Int1::Int1()
                0x0000041a                Int1::Int1()
 .text._Z41__static_initialization_and_destruction_0v
                0x0000042a        0xa build/int1.o
 .text._Z21int1InterruptCallbackv
                0x00000434        0x2 build/int1.o
                0x00000434                int1InterruptCallback()
 .text.__vector_2
                0x00000436       0x48 build/int1.o
                0x00000436                __vector_2
 .text._GLOBAL__sub_I__ZN4Int19_instanceE
                0x0000047e        0x6 build/int1.o
 .text._ZN6Pcint0C2Ev
                0x00000484       0x10 build/pcint0.o
                0x00000484                Pcint0::Pcint0()
                0x00000484                Pcint0::Pcint0()
 .text._Z41__static_initialization_and_destruction_0v
                0x00000494        0xa build/pcint0.o
 .text._Z23pcint0InterruptCallbackv
                0x0000049e        0x2 build/pcint0.o
                0x0000049e                pcint0InterruptCallback()
 .text.__vector_3
                0x000004a0       0x48 build/pcint0.o
                0x000004a0                __vector_3
 .text._GLOBAL__sub_I__ZN6Pcint09_instanceE
                0x000004e8        0x6 build/pcint0.o
 .text._ZN6Pcint1C2Ev
                0x000004ee       0x10 build/pcint1.o
                0x000004ee                Pcint1::Pcint1()
                0x000004ee                Pcint1::Pcint1()
 .text._Z41__static_initialization_and_destruction_0v
                0x000004fe        0xa build/pcint1.o
 .text._ZN6Pcint14initENS_3PinE
                0x00000508       0x1e build/pcint1.o
                0x00000508                Pcint1::init(Pcint1::Pin)
 .text._ZN6Pcint110setPinModeENS_3PinE7PinMode
                0x00000526       0x62 build/pcint1.o
                0x00000526                Pcint1::setPinMode(Pcint1::Pin, PinMode)
 .text.__vector_4
                0x00000588       0x48 build/pcint1.o
                0x00000588                __vector_4
 .text._GLOBAL__sub_I__ZN6Pcint19_instanceE
                0x000005d0        0x6 build/pcint1.o
 .text._ZN6Pcint2C2Ev
                0x000005d6       0x10 build/pcint2.o
                0x000005d6                Pcint2::Pcint2()
                0x000005d6                Pcint2::Pcint2()
 .text._Z41__static_initialization_and_destruction_0v
                0x000005e6        0xa build/pcint2.o
 .text._Z23pcint2InterruptCallbackv
                0x000005f0        0x2 build/pcint2.o
                0x000005f0                pcint2InterruptCallback()
 .text.__vector_5
                0x000005f2       0x48 build/pcint2.o
                0x000005f2                __vector_5
 .text._GLOBAL__sub_I__ZN6Pcint29_instanceE
                0x0000063a        0x6 build/pcint2.o
 .text._ZN6Timer0C2Ev
                0x00000640       0x12 build/timer0.o
                0x00000640                Timer0::Timer0()
                0x00000640                Timer0::Timer0()
 .text._Z41__static_initialization_and_destruction_0v
                0x00000652        0xa build/timer0.o
 .text._ZN6Timer04initENS_4ModeENS_11ClockSourceE
                0x0000065c       0x38 build/timer0.o
                0x0000065c                Timer0::init(Timer0::Mode, Timer0::ClockSource)
 .text._Z22timer0CompareBCallbackv
                0x00000694        0x2 build/timer0.o
                0x00000694                timer0CompareBCallback()
 .text._Z22timer0OverflowCallbackv
                0x00000696        0x2 build/timer0.o
                0x00000696                timer0OverflowCallback()
 .text.__vector_14
                0x00000698       0x48 build/timer0.o
                0x00000698                __vector_14
 .text.__vector_15
                0x000006e0       0x48 build/timer0.o
                0x000006e0                __vector_15
 .text.__vector_16
                0x00000728       0x48 build/timer0.o
                0x00000728                __vector_16
 .text._GLOBAL__sub_I__ZN6Timer09_instanceE
                0x00000770        0x6 build/timer0.o
 .text._ZN6Timer1C2Ev
                0x00000776       0x12 build/timer1.o
                0x00000776                Timer1::Timer1()
                0x00000776                Timer1::Timer1()
 .text._Z41__static_initialization_and_destruction_0v
                0x00000788        0xa build/timer1.o
 .text._ZN6Timer14initENS_4ModeENS_11ClockSourceE
                0x00000792       0x48 build/timer1.o
                0x00000792                Timer1::init(Timer1::Mode, Timer1::ClockSource)
 .text._Z22timer1CompareBCallbackv
                0x000007da        0x2 build/timer1.o
                0x000007da                timer1CompareBCallback()
 .text._Z26timer1InputCaptureCallbackv
                0x000007dc        0x2 build/timer1.o
                0x000007dc                timer1InputCaptureCallback()
 .text._Z22timer1OverflowCallbackv
                0x000007de        0x2 build/timer1.o
                0x000007de                timer1OverflowCallback()
 .text.__vector_10
                0x000007e0       0x48 build/timer1.o
                0x000007e0                __vector_10
 .text.__vector_11
                0x00000828       0x48 build/timer1.o
                0x00000828                __vector_11
 .text.__vector_12
                0x00000870       0x48 build/timer1.o
                0x00000870                __vector_12
 .text.__vector_13
                0x000008b8       0x48 build/timer1.o
                0x000008b8                __vector_13
 .text._GLOBAL__sub_I__ZN6Timer19_instanceE
                0x00000900        0x6 build/timer1.o
 .text._ZN6Timer2C2Ev
                0x00000906       0x12 build/timer2.o
                0x00000906                Timer2::Timer2()
                0x00000906                Timer2::Timer2()
 .text._Z41__static_initialization_and_destruction_0v
                0x00000918        0xa build/timer2.o
 .text._Z22timer2CompareACallbackv
                0x00000922        0x2 build/timer2.o
                0x00000922                timer2CompareACallback()
 .text._Z22timer2CompareBCallbackv
                0x00000924        0x2 build/timer2.o
                0x00000924                timer2CompareBCallback()
 .text._Z22timer2OverflowCallbackv
                0x00000926        0x2 build/timer2.o
                0x00000926                timer2OverflowCallback()
 .text.__vector_7
                0x00000928       0x48 build/timer2.o
                0x00000928                __vector_7
 .text.__vector_8
                0x00000970       0x48 build/timer2.o
                0x00000970                __vector_8
 .text.__vector_9
                0x000009b8       0x48 build/timer2.o
                0x000009b8                __vector_9
 .text._GLOBAL__sub_I__ZN6Timer29_instanceE
                0x00000a00        0x6 build/timer2.o
 .text._ZN3Bus7readRegEhPhj
                0x00000a06        0xe build/twi.o
                0x00000a06                Bus::readReg(unsigned char, unsigned char*, unsigned int)
 .text._ZN3Bus8sendDataEPhj
                0x00000a14        0xe build/twi.o
                0x00000a14                Bus::sendData(unsigned char*, unsigned int)
 .text._ZN3Bus8sendDataEPKhPhj
                0x00000a22        0xe build/twi.o
                0x00000a22                Bus::sendData(unsigned char const*, unsigned char*, unsigned int)
 .text._ZN3Bus8writeRegEhPKhj
                0x00000a30        0xe build/twi.o
                0x00000a30                Bus::writeReg(unsigned char, unsigned char const*, unsigned int)
 .text._ZN3Bus9setDeviceEjb
                0x00000a3e        0xe build/twi.o
                0x00000a3e                Bus::setDevice(unsigned int, bool)
 .text._ZN3Bus9setDeviceEPFvvES1_
                0x00000a4c        0xe build/twi.o
                0x00000a4c                Bus::setDevice(void (*)(), void (*)())
 .text._ZN3Bus10getBusTypeEv
                0x00000a5a        0x6 build/twi.o
                0x00000a5a                Bus::getBusType()
 .text._ZN3Bus12getLastErrorEv
                0x00000a60        0x8 build/twi.o
                0x00000a60                Bus::getLastError()
 .text._ZN3Twi9setDeviceEjb
                0x00000a68       0x42 build/twi.o
                0x00000a68                Twi::setDevice(unsigned int, bool)
 .text._ZN3Twi10getBusTypeEv
                0x00000aaa        0x6 build/twi.o
                0x00000aaa                Twi::getBusType()
 .text._ZN3Twi12getLastErrorEv
                0x00000ab0        0x8 build/twi.o
                0x00000ab0                Twi::getLastError()
 .text._ZN3TwiC2Ev
                0x00000ab8       0x68 build/twi.o
                0x00000ab8                Twi::Twi()
                0x00000ab8                Twi::Twi()
 .text._Z41__static_initialization_and_destruction_0v
                0x00000b20        0xa build/twi.o
 .text._ZN3TwiD2Ev
                0x00000b2a        0xc build/twi.o
                0x00000b2a                Twi::~Twi()
                0x00000b2a                Twi::~Twi()
 .text._Z41__static_initialization_and_destruction_1v
                0x00000b36        0xa build/twi.o
 .text._ZN3Twi16_waitWhileIsBusyEv
                0x00000b40       0xaa build/twi.o
                0x00000b40                Twi::_waitWhileIsBusy()
 .text._ZN3Twi18_startTransmissionEv
                0x00000bea       0x1e build/twi.o
                0x00000bea                Twi::_startTransmission()
 .text._ZN3Twi15_readFromBufferEPhh
                0x00000c08       0x4a build/twi.o
                0x00000c08                Twi::_readFromBuffer(unsigned char*, unsigned char)
 .text._ZN3Twi8sendDataEhNS_9OperationEhPhh
                0x00000c52      0x154 build/twi.o
                0x00000c52                Twi::sendData(unsigned char, Twi::Operation, unsigned char, unsigned char*, unsigned char)
 .text._ZN3Twi7readRegEhPhj
                0x00000da6       0x64 build/twi.o
                0x00000da6                Twi::readReg(unsigned char, unsigned char*, unsigned int)
 .text._ZN3Twi8writeRegEhPKhj
                0x00000e0a       0x64 build/twi.o
                0x00000e0a                Twi::writeReg(unsigned char, unsigned char const*, unsigned int)
 .text._ZN3Twi16interruptHandlerEv
                0x00000e6e       0xfc build/twi.o
                0x00000e6e                Twi::interruptHandler()
 .text.__vector_24
                0x00000f6a       0x4c build/twi.o
                0x00000f6a                __vector_24
 .text._GLOBAL__sub_I_twi
                0x00000fb6        0x6 build/twi.o
 .text._GLOBAL__sub_D_twi
                0x00000fbc        0x6 build/twi.o
 .text._ZN6Usart04initEv
                0x00000fc2      0x1be build/usart0.o
                0x00000fc2                Usart0::init()
 .text._ZN6Usart07setModeENS_4ModeE
                0x00001180       0x22 build/usart0.o
                0x00001180                Usart0::setMode(Usart0::Mode)
 .text._ZN6Usart011setBaudRateENS_8BaudRateE
                0x000011a2      0x102 build/usart0.o
                0x000011a2                Usart0::setBaudRate(Usart0::BaudRate)
 .text._ZN6Usart014setFrameFormatENS_11FrameFormatE
                0x000012a4       0xe4 build/usart0.o
                0x000012a4                Usart0::setFrameFormat(Usart0::FrameFormat)
 .text._ZN6Usart0C2ENS_8BaudRateENS_4ModeENS_11FrameFormatE
                0x00001388       0x54 build/usart0.o
                0x00001388                Usart0::Usart0(Usart0::BaudRate, Usart0::Mode, Usart0::FrameFormat)
                0x00001388                Usart0::Usart0(Usart0::BaudRate, Usart0::Mode, Usart0::FrameFormat)
 .text._Z41__static_initialization_and_destruction_0v
                0x000013dc       0x1a build/usart0.o
 .text._ZN6Usart011sendDataStdEcP6__file
                0x000013f6       0x12 build/usart0.o
                0x000013f6                Usart0::sendDataStd(char, __file*)
 .text._Z23usartTransmitStdWrappercP6__file
                0x00001408       0x12 build/usart0.o
                0x00001408                usartTransmitStdWrapper(char, __file*)
 .text._Z30usartReceptionCompleteCallbackv
                0x0000141a        0x2 build/usart0.o
                0x0000141a                usartReceptionCompleteCallback()
 .text._Z36usartTransmissionBufferEmptyCallbackv
                0x0000141c        0x2 build/usart0.o
                0x0000141c                usartTransmissionBufferEmptyCallback()
 .text._Z33usartTransmissionCompleteCallbackv
                0x0000141e        0x2 build/usart0.o
                0x0000141e                usartTransmissionCompleteCallback()
 .text.__vector_18
                0x00001420       0x48 build/usart0.o
                0x00001420                __vector_18
 .text.__vector_20
                0x00001468       0x48 build/usart0.o
                0x00001468                __vector_20
 .text.__vector_19
                0x000014b0       0x48 build/usart0.o
                0x000014b0                __vector_19
 .text._GLOBAL__sub_I_usartDefaultHandler
                0x000014f8        0x6 build/usart0.o
 .text._ZN5DebugC2Ev
                0x000014fe       0x3a build/debug.o
                0x000014fe                Debug::Debug()
                0x000014fe                Debug::Debug()
 .text._Z41__static_initialization_and_destruction_0v
                0x00001538        0xa build/debug.o
 .text._GLOBAL__sub_I_debug
                0x00001542        0x6 build/debug.o
 .text._ZN12SystemStatusC2Em
                0x00001548       0x62 build/systemStatus.o
                0x00001548                SystemStatus::SystemStatus(unsigned long)
                0x00001548                SystemStatus::SystemStatus(unsigned long)
 .text._Z41__static_initialization_and_destruction_0v
                0x000015aa       0x12 build/systemStatus.o
 .text._ZN12SystemStatus11getCpuClockEPm
                0x000015bc       0x32 build/systemStatus.o
                0x000015bc                SystemStatus::getCpuClock(unsigned long*)
 .text._GLOBAL__sub_I_systemStatus
                0x000015ee        0x6 build/systemStatus.o
 .text._Z41__static_initialization_and_destruction_0v
                0x000015f4       0x1a build/main.o
 .text._Z41__static_initialization_and_destruction_1v
                0x0000160e       0x1a build/main.o
 .text._Z13spi_writeReadh
                0x00001628        0xc build/main.o
                0x00001628                spi_writeRead(unsigned char)
 .text._Z18transcieve_packetsPhS_j
                0x00001634       0x74 build/main.o
                0x00001634                transcieve_packets(unsigned char*, unsigned char*, unsigned int)
 .text._Z13format_packetjjhi7OP_MODEPh
                0x000016a8       0x30 build/main.o
                0x000016a8                format_packet(unsigned int, unsigned int, unsigned char, int, OP_MODE, unsigned char*)
 .text._Z16convert_recievedPiS_S_P8BT_STATEPh
                0x000016d8       0x60 build/main.o
                0x000016d8                convert_recieved(int*, int*, int*, BT_STATE*, unsigned char*)
 .text._Z10get_millisv
                0x00001738       0x16 build/main.o
                0x00001738                get_millis()
 .text.main     0x0000174e      0x460 build/main.o
                0x0000174e                main
 .text._Z23pcint1InterruptCallbackv
                0x00001bae       0x8a build/main.o
                0x00001bae                pcint1InterruptCallback()
 .text._Z22timer1CompareACallbackv
                0x00001c38        0x8 build/main.o
                0x00001c38                timer1CompareACallback()
 .text._Z22timer0CompareACallbackv
                0x00001c40       0x28 build/main.o
                0x00001c40                timer0CompareACallback()
 .text._GLOBAL__sub_I_led
                0x00001c68        0x6 build/main.o
 .text._GLOBAL__sub_D_led
                0x00001c6e        0x6 build/main.o
 .text.libgcc.mul
                0x00001c74       0x1e /usr/lib/gcc/avr/16.1.0/avr5/libgcc.a(_umulhisi3.o)
                0x00001c74                __umulhisi3
 .text.libgcc.div
                0x00001c92       0x28 /usr/lib/gcc/avr/16.1.0/avr5/libgcc.a(_divmodhi4.o)
                0x00001c92                __divmodhi4
                0x00001c92                _div
 .text.libgcc.div
                0x00001cba       0x44 /usr/lib/gcc/avr/16.1.0/avr5/libgcc.a(_udivmodsi4.o)
                0x00001cba                __udivmodsi4
 .text.libgcc   0x00001cfe        0xc /usr/lib/gcc/avr/16.1.0/avr5/libgcc.a(_tablejump2.o)
                0x00001cfe                __tablejump2__
 .text.libgcc.mul
                0x00001d0a       0x16 /usr/lib/gcc/avr/16.1.0/avr5/libgcc.a(_muluhisi3.o)
                0x00001d0a                __muluhisi3
 .text.libgcc.builtins
                0x00001d20       0x3a /usr/lib/gcc/avr/16.1.0/avr5/libgcc.a(_ashrdi3.o)
                0x00001d20                __ashrdi3
                0x00001d24                __lshrdi3
 .text.libgcc.div
                0x00001d5a       0x28 /usr/lib/gcc/avr/16.1.0/avr5/libgcc.a(_udivmodhi4.o)
                0x00001d5a                __udivmodhi4
 .text.avr-libc
                0x00001d82       0x2c /usr/lib/gcc/avr/16.1.0/../../../../avr/lib/avr5/libc.a(printf.o)
                0x00001d82                printf
 .text.avr-libc
                0x00001dae       0x58 /usr/lib/gcc/avr/16.1.0/../../../../avr/lib/avr5/libc.a(puts.o)
                0x00001dae                puts
 .text.vfprintf
                0x00001e06      0x3e2 /usr/lib/gcc/avr/16.1.0/../../../../avr/lib/avr5/libc.a(vfprintf_std.o)
                0x00001e06                vfprintf
 .text.avr-libc
                0x000021e8       0x16 /usr/lib/gcc/avr/16.1.0/../../../../avr/lib/avr5/libc.a(strnlen_P.o)
                0x000021e8                strnlen_P
 .text.avr-libc
                0x000021fe       0x16 /usr/lib/gcc/avr/16.1.0/../../../../avr/lib/avr5/libc.a(strnlen.o)
                0x000021fe                strnlen
 .text.avr-libc
                0x00002214       0x60 /usr/lib/gcc/avr/16.1.0/../../../../avr/lib/avr5/libc.a(fputc.o)
                0x00002214                fputc
 .text.avr-libc
                0x00002274       0xbc /usr/lib/gcc/avr/16.1.0/../../../../avr/lib/avr5/libc.a(ultoa_invert.o)
                0x00002274                __ultoa_invert
 .text.libgcc.div
                0x00002330       0x10 /usr/lib/gcc/avr/16.1.0/avr5/libgcc.a(_negsi2.o)
                0x00002330                __negsi2
 .text.libgcc.prologue
                0x00002340       0x38 /usr/lib/gcc/avr/16.1.0/avr5/libgcc.a(_prologue.o)
                0x00002340                __prologue_saves__
 .text.libgcc.prologue
                0x00002378       0x36 /usr/lib/gcc/avr/16.1.0/avr5/libgcc.a(_epilogue.o)
                0x00002378                __epilogue_restores__
                0x000023ae                        . = ALIGN (0x2)
 *(.fini9)
 .fini9         0x000023ae        0x0 /usr/lib/gcc/avr/16.1.0/avr5/libgcc.a(_exit.o)
                0x000023ae                exit
                0x000023ae                _exit
 *(.fini9)
 *(.fini8)
 *(.fini8)
 *(.fini7)
 *(.fini7)
 *(.fini6)
 .fini6         0x000023ae       0x16 /usr/lib/gcc/avr/16.1.0/avr5/libgcc.a(_dtors.o)
                0x000023ae                __do_global_dtors
 *(.fini6)
 *(.fini5)
 *(.fini5)
 *(.fini4)
 *(.fini4)
 *(.fini3)
 *(.fini3)
 *(.fini2)
 *(.fini2)
 *(.fini1)
 *(.fini1)
 *(.fini0)
 .fini0         0x000023c4        0x4 /usr/lib/gcc/avr/16.1.0/avr5/libgcc.a(_exit.o)
 *(.fini0)
 *(.hightext)
 *(.hightext*)
 *(.progmemx)
 *(.progmemx.*)
                0x000023c8                        . = ALIGN (0x2)
 *(.jumptables)
 *(.jumptables*)
 .jumptables.gcc._ZN6Usart04initEv
                0x000023c8       0x10 build/usart0.o
 .jumptables.gcc._ZN6Usart014setFrameFormatENS_11FrameFormatE
                0x000023d8       0x94 build/usart0.o
                0x0000246c                        _etext = .

.data           0x00800100       0x84 load address 0x0000246c
                0x00800100                        PROVIDE (__data_start = .)
 *(.data)
 *(.data*)
 *(.gnu.linkonce.d*)
 *(.rodata)
 *(.rodata*)
 .rodata._ZTV3Bus
                0x00800100       0x14 build/twi.o
                0x00800100                vtable for Bus
 .rodata._ZTV3Twi
                0x00800114       0x14 build/twi.o
                0x00800114                vtable for Twi
 .rodata.main.str1.1
                0x00800128       0x5c build/main.o
 *(.gnu.linkonce.r*)
                0x00800184                        . = ALIGN (0x2)
                0x00800184                        _edata = .
                0x00800184                        PROVIDE (__data_end = .)

.bss            0x00800184       0xd1
                0x00800184                        PROVIDE (__bss_start = .)
 *(.bss)
 .bss           0x00800184        0x6 /usr/lib/gcc/avr/16.1.0/../../../../avr/lib/avr5/libc.a(iob.o)
                0x00800184                __iob
 *(.bss*)
 .bss._ZN3Adc9_instanceE
                0x0080018a        0xa build/adc.o
                0x0080018a                Adc::_instance
 .bss._ZN4Int09_instanceE
                0x00800194        0x4 build/int0.o
                0x00800194                Int0::_instance
 .bss._ZN4Int19_instanceE
                0x00800198        0x4 build/int1.o
                0x00800198                Int1::_instance
 .bss._ZN6Pcint09_instanceE
                0x0080019c        0x4 build/pcint0.o
                0x0080019c                Pcint0::_instance
 .bss._ZN6Pcint19_instanceE
                0x008001a0        0x4 build/pcint1.o
                0x008001a0                Pcint1::_instance
 .bss._ZN6Pcint29_instanceE
                0x008001a4        0x4 build/pcint2.o
                0x008001a4                Pcint2::_instance
 .bss._ZN6Timer09_instanceE
                0x008001a8        0x5 build/timer0.o
                0x008001a8                Timer0::_instance
 .bss._ZN6Timer19_instanceE
                0x008001ad        0x5 build/timer1.o
                0x008001ad                Timer1::_instance
 .bss._ZN6Timer29_instanceE
                0x008001b2        0x5 build/timer2.o
                0x008001b2                Timer2::_instance
 .bss._ZZN3Twi16interruptHandlerEvE16twiBufferPointer
                0x008001b7        0x1 build/twi.o
 .bss.twi       0x008001b8       0x13 build/twi.o
                0x008001b8                twi
 .bss.usartStream
                0x008001cb        0xe build/usart0.o
                0x008001cb                usartStream
 .bss.usart0    0x008001d9        0xc build/usart0.o
                0x008001d9                usart0
 .bss.usartDefaultHandler
                0x008001e5        0x2 build/usart0.o
                0x008001e5                usartDefaultHandler
 .bss.debug     0x008001e7       0x24 build/debug.o
                0x008001e7                debug
 .bss.systemStatus
                0x0080020b       0x16 build/systemStatus.o
                0x0080020b                systemStatus
 .bss.current_state
                0x00800221        0x2 build/main.o
                0x00800221                current_state
 .bss.spi_flag  0x00800223        0x1 build/main.o
                0x00800223                spi_flag
 .bss.debounced_buttons
                0x00800224        0x1 build/main.o
                0x00800224                debounced_buttons
 .bss.button_last_changed
                0x00800225        0xc build/main.o
                0x00800225                button_last_changed
 .bss.button_pending_change
                0x00800231        0x1 build/main.o
                0x00800231                button_pending_change
 .bss.timer_millis
                0x00800232        0x4 build/main.o
                0x00800232                timer_millis
 .bss.slave_select_esp
                0x00800236        0xa build/main.o
                0x00800236                slave_select_esp
 .bss.buttons   0x00800240        0xb build/main.o
                0x00800240                buttons
 .bss.led       0x0080024b        0xa build/main.o
                0x0080024b                led
 *(COMMON)
                0x00800255                        PROVIDE (__bss_end = .)
                0x0000246c                        __data_load_start = LOADADDR (.data)
                0x000024f0                        __data_load_end = (__data_load_start + SIZEOF (.data))

.noinit         0x00800255        0x0
                [!provide]                        PROVIDE (__noinit_start = .)
 *(.noinit .noinit.* .gnu.linkonce.n.*)
                [!provide]                        PROVIDE (__noinit_end = .)
                0x00800255                        _end = .
                0x00800255                        PROVIDE (__heap_start = .)
                0x00000000                        __flmap_init_label = DEFINED (__flmap_noinit_start)?__flmap_noinit_start:0x0
                0x00000000                        __flmap = DEFINED (__flmap)?__flmap:0x0

.eeprom         0x00810000        0x0
 *(.eeprom*)
                0x00810000                        __eeprom_end = .

.fuse
 *(.fuse)
 *(.lfuse)
 *(.hfuse)
 *(.efuse)

.lock
 *(.lock*)

.signature
 *(.signature*)

.stab
 *(.stab)

.stabstr
 *(.stabstr)

.stab.excl
 *(.stab.excl)

.stab.exclstr
 *(.stab.exclstr)

.stab.index
 *(.stab.index)

.stab.indexstr
 *(.stab.indexstr)

.comment        0x00000000       0x24
 *(.comment)
 .comment       0x00000000       0x24 build/adc.o
                                 0x13 (size before relaxing)
 .comment       0x00000024        0x0 build/gpioBus.o
                                 0x13 (size before relaxing)
 .comment       0x00000024        0x0 build/gpioPin.o
                                 0x13 (size before relaxing)
 .comment       0x00000024        0x0 build/int0.o
                                 0x13 (size before relaxing)
 .comment       0x00000024        0x0 build/int1.o
                                 0x13 (size before relaxing)
 .comment       0x00000024        0x0 build/pcint0.o
                                 0x13 (size before relaxing)
 .comment       0x00000024        0x0 build/pcint1.o
                                 0x13 (size before relaxing)
 .comment       0x00000024        0x0 build/pcint2.o
                                 0x13 (size before relaxing)
 .comment       0x00000024        0x0 build/timer0.o
                                 0x13 (size before relaxing)
 .comment       0x00000024        0x0 build/timer1.o
                                 0x13 (size before relaxing)
 .comment       0x00000024        0x0 build/timer2.o
                                 0x13 (size before relaxing)
 .comment       0x00000024        0x0 build/twi.o
                                 0x13 (size before relaxing)
 .comment       0x00000024        0x0 build/usart0.o
                                 0x13 (size before relaxing)
 .comment       0x00000024        0x0 build/debug.o
                                 0x13 (size before relaxing)
 .comment       0x00000024        0x0 build/systemStatus.o
                                 0x13 (size before relaxing)
 .comment       0x00000024        0x0 build/main.o
                                 0x13 (size before relaxing)
 .comment       0x00000024        0x0 /usr/lib/gcc/avr/16.1.0/../../../../avr/lib/avr5/libc.a(iob.o)
                                 0x13 (size before relaxing)
 .comment       0x00000024        0x0 /usr/lib/gcc/avr/16.1.0/../../../../avr/lib/avr5/libc.a(printf.o)
                                 0x13 (size before relaxing)
 .comment       0x00000024        0x0 /usr/lib/gcc/avr/16.1.0/../../../../avr/lib/avr5/libc.a(puts.o)
                                 0x13 (size before relaxing)
 .comment       0x00000024        0x0 /usr/lib/gcc/avr/16.1.0/../../../../avr/lib/avr5/libc.a(vfprintf_std.o)
                                 0x13 (size before relaxing)
 .comment       0x00000024        0x0 /usr/lib/gcc/avr/16.1.0/../../../../avr/lib/avr5/libc.a(fputc.o)
                                 0x13 (size before relaxing)

.note.gnu.avr.deviceinfo
                0x00000000       0x40
 .note.gnu.avr.deviceinfo
                0x00000000       0x40 /usr/lib/gcc/avr/16.1.0/../../../../avr/lib/avr5/crtatmega328p.o

.gnu.build.attributes
 *(.gnu.build.attributes .gnu.build.attributes.*)

.note.gnu.build-id
 *(.note.gnu.build-id)

.debug
 *(.debug)

.line
 *(.line)

.debug_srcinfo
 *(.debug_srcinfo)

.debug_sfnames
 *(.debug_sfnames)

.debug_aranges
 *(.debug_aranges)

.debug_pubnames
 *(.debug_pubnames)

.debug_info
 *(.debug_info .gnu.linkonce.wi.*)

.debug_abbrev
 *(.debug_abbrev)

.debug_line
 *(.debug_line .debug_line.* .debug_line_end)

.debug_frame
 *(.debug_frame)

.debug_str
 *(.debug_str)

.debug_loc
 *(.debug_loc)

.debug_macinfo
 *(.debug_macinfo)

.debug_weaknames
 *(.debug_weaknames)

.debug_funcnames
 *(.debug_funcnames)

.debug_typenames
 *(.debug_typenames)

.debug_varnames
 *(.debug_varnames)

.debug_pubtypes
 *(.debug_pubtypes)

.debug_ranges
 *(.debug_ranges)

.debug_addr
 *(.debug_addr)

.debug_line_str
 *(.debug_line_str)

.debug_loclists
 *(.debug_loclists)

.debug_macro
 *(.debug_macro)

.debug_names
 *(.debug_names)

.debug_rnglists
 *(.debug_rnglists)

.debug_str_offsets
 *(.debug_str_offsets)

.debug_sup
 *(.debug_sup)
OUTPUT(build/application.elf elf32-avr)
LOAD linker stubs

Cross Reference Table

Symbol                                            File
Adc::Adc()                                        build/adc.o
Adc::Adc()                                        build/adc.o
Adc::_instance                                    build/adc.o
Adc::init(Adc::Mode, Adc::Reference, Adc::Prescaler) build/adc.o
Adc::setChannel(Adc::Channel)                     build/adc.o
Adc::setDataPresetation(Adc::DataPresetation)     build/adc.o
Adc::setMode(Adc::Mode)                           build/adc.o
Adc::setPrescaler(Adc::Prescaler)                 build/adc.o
Adc::setReference(Adc::Reference)                 build/adc.o
Adc::startConversion()                            build/adc.o
Adc::waitUntilConversionFinish()                  build/adc.o
Adc::~Adc()                                       build/adc.o
Adc::~Adc()                                       build/adc.o
Bus::getBusType()                                 build/twi.o
Bus::getLastError()                               build/twi.o
Bus::readReg(unsigned char, unsigned char*, unsigned int) build/twi.o
Bus::sendData(unsigned char const*, unsigned char*, unsigned int) build/twi.o
Bus::sendData(unsigned char*, unsigned int)       build/twi.o
Bus::setDevice(unsigned int, bool)                build/twi.o
Bus::setDevice(void (*)(), void (*)())            build/twi.o
Bus::writeReg(unsigned char, unsigned char const*, unsigned int) build/twi.o
DateTime::DateTime()                              build/dateTime.o
DateTime::DateTime()                              build/dateTime.o
                                                  build/ds1307.o
DateTime::_clearData()                            build/dateTime.o
DateTime::_convertTimeFormat(unsigned char*, DateTime::AmPmFlag*, DateTime::TimeFormat, DateTime::TimeFormat) build/dateTime.o
DateTime::_evaluateDayOfWeek()                    build/dateTime.o
DateTime::_isLeapYear(unsigned int)               build/dateTime.o
DateTime::_isValidDate(unsigned int, DateTime::Month, unsigned char) build/dateTime.o
DateTime::_isValidTime(unsigned char, unsigned char, unsigned char, DateTime::TimeFormat) build/dateTime.o
DateTime::getDate(unsigned int*, DateTime::Month*, unsigned char*, DateTime::WeekDay*) build/dateTime.o
                                                  build/ds1307.o
DateTime::getLastError()                          build/dateTime.o
                                                  build/ds1307.o
DateTime::getTime(unsigned char*, unsigned char*, unsigned char*, DateTime::TimeFormat, DateTime::AmPmFlag*) build/dateTime.o
                                                  build/ds1307.o
DateTime::getTime(unsigned char*, unsigned char*, unsigned char*, unsigned int*, DateTime::TimeFormat, DateTime::AmPmFlag*) build/dateTime.o
DateTime::getTimeFormat(DateTime::TimeFormat*)    build/dateTime.o
                                                  build/ds1307.o
DateTime::getTimeZone(DateTime::TimeZone*)        build/dateTime.o
DateTime::getWeekDay(DateTime::WeekDay*)          build/dateTime.o
DateTime::isDateSet()                             build/dateTime.o
                                                  build/ds1307.o
DateTime::isLeapYear()                            build/dateTime.o
DateTime::isTimeSet()                             build/dateTime.o
                                                  build/ds1307.o
DateTime::setDate(unsigned int, DateTime::Month, unsigned char) build/dateTime.o
                                                  build/ds1307.o
DateTime::setTime(unsigned char, unsigned char, unsigned char, DateTime::TimeFormat, DateTime::AmPmFlag) build/dateTime.o
                                                  build/ds1307.o
DateTime::setTime(unsigned char, unsigned char, unsigned char, unsigned int, DateTime::TimeFormat, DateTime::AmPmFlag) build/dateTime.o
DateTime::setTimeFormat(DateTime::TimeFormat)     build/dateTime.o
DateTime::setTimeZone(DateTime::TimeZone)         build/dateTime.o
DateTime::~DateTime()                             build/dateTime.o
DateTime::~DateTime()                             build/dateTime.o
                                                  build/ds1307.o
Debug::Debug()                                    build/debug.o
Debug::Debug()                                    build/debug.o
Debug::init(bool)                                 build/debug.o
Debug::logMark(unsigned char const*, unsigned int, unsigned char const*, Debug::CodeIndex) build/debug.o
Debug::logMessage(Error, unsigned char const*, unsigned int) build/debug.o
Debug::logMessage(Error, unsigned char const*, unsigned int, Debug::CodeIndex) build/debug.o
Debug::printMessage(char const*)                  build/debug.o
Debug::~Debug()                                   build/debug.o
Debug::~Debug()                                   build/debug.o
Ds1307::Ds1307()                                  build/ds1307.o
Ds1307::Ds1307()                                  build/ds1307.o
Ds1307::_clearData()                              build/ds1307.o
Ds1307::_getData()                                build/ds1307.o
Ds1307::_isInitialized()                          build/ds1307.o
Ds1307::_sendData()                               build/ds1307.o
Ds1307::_setCounting(bool)                        build/ds1307.o
Ds1307::clockStart()                              build/ds1307.o
Ds1307::clockStop()                               build/ds1307.o
Ds1307::getDate(unsigned int*, unsigned char*, unsigned char*, unsigned char*) build/ds1307.o
Ds1307::getDateTime(DateTime*)                    build/ds1307.o
Ds1307::getLastError()                            build/ds1307.o
Ds1307::getRamData(unsigned char, unsigned char*, unsigned char) build/ds1307.o
Ds1307::getTime(unsigned char*, unsigned char*, unsigned char*, DateTime::TimeFormat, DateTime::AmPmFlag*) build/ds1307.o
Ds1307::init(Bus*)                                build/ds1307.o
Ds1307::setDate(unsigned int, unsigned char, unsigned char) build/ds1307.o
Ds1307::setDateTime(DateTime)                     build/ds1307.o
Ds1307::setRamData(unsigned char, unsigned char*, unsigned char) build/ds1307.o
Ds1307::setSquareWaveGenerator(Ds1307::SquareWave) build/ds1307.o
Ds1307::setTime(unsigned char, unsigned char, unsigned char, DateTime::TimeFormat, DateTime::AmPmFlag) build/ds1307.o
Ds1307::~Ds1307()                                 build/ds1307.o
Ds1307::~Ds1307()                                 build/ds1307.o
GpioBus::GpioBus()                                build/gpioBus.o
                                                  build/main.o
GpioBus::GpioBus()                                build/gpioBus.o
GpioBus::init(unsigned char volatile*, PinIndex, unsigned char) build/gpioBus.o
                                                  build/main.o
GpioBus::setMode(PinMode)                         build/gpioBus.o
                                                  build/main.o
                                                  build/sevenSegmentsMuxDisplay.o
                                                  build/hd44780.o
GpioBus::write(unsigned char)                     build/gpioBus.o
                                                  build/sevenSegmentsMuxDisplay.o
                                                  build/hd44780.o
GpioBus::~GpioBus()                               build/gpioBus.o
                                                  build/main.o
GpioBus::~GpioBus()                               build/gpioBus.o
GpioPin::GpioPin()                                build/gpioPin.o
                                                  build/main.o
GpioPin::GpioPin()                                build/gpioPin.o
GpioPin::init(unsigned char volatile*, PinIndex)  build/gpioPin.o
                                                  build/main.o
GpioPin::setMode(PinMode)                         build/gpioPin.o
                                                  build/main.o
                                                  build/hd44780.o
GpioPin::~GpioPin()                               build/gpioPin.o
                                                  build/main.o
GpioPin::~GpioPin()                               build/gpioPin.o
Hd44780::Hd44780()                                build/hd44780.o
Hd44780::Hd44780()                                build/hd44780.o
Hd44780::_functionSet8Bits(unsigned char)         build/hd44780.o
Hd44780::_waitUntilReady()                        build/hd44780.o
Hd44780::_writeCharacter(unsigned char, bool)     build/hd44780.o
Hd44780::_writeCommand(unsigned char)             build/hd44780.o
Hd44780::clearScreen()                            build/hd44780.o
Hd44780::cursorGoTo(unsigned char, unsigned char) build/hd44780.o
Hd44780::cursorHome()                             build/hd44780.o
Hd44780::cursorMove(Direction)                    build/hd44780.o
Hd44780::cursorMoveFirstLine()                    build/hd44780.o
Hd44780::cursorMoveNextLine()                     build/hd44780.o
Hd44780::displayShift(Direction)                  build/hd44780.o
Hd44780::getLastError()                           build/hd44780.o
Hd44780::init(Hd44780::Size, Hd44780::Font)       build/hd44780.o
Hd44780::print(char const*)                       build/hd44780.o
Hd44780::print(char)                              build/hd44780.o
Hd44780::setControlPort(GpioPin const*, GpioPin const*, GpioPin const*) build/hd44780.o
Hd44780::setCustomCharacter(unsigned char, unsigned char const*) build/hd44780.o
Hd44780::setDataPort(GpioBus const*)              build/hd44780.o
Hd44780::setDisplayState(Hd44780::DisplayState)   build/hd44780.o
Hd44780::setEntryMode(Hd44780::Step, Hd44780::DisplayMode) build/hd44780.o
Hd44780::stdio()                                  build/hd44780.o
Hd44780::~Hd44780()                               build/hd44780.o
Hd44780::~Hd44780()                               build/hd44780.o
Int0::Int0()                                      build/int0.o
Int0::Int0()                                      build/int0.o
Int0::_instance                                   build/int0.o
Int0::init(Int0::SenseMode)                       build/int0.o
Int0::setPinMode(PinMode)                         build/int0.o
Int0::setSenseMode(Int0::SenseMode)               build/int0.o
Int0::~Int0()                                     build/int0.o
Int0::~Int0()                                     build/int0.o
Int1::Int1()                                      build/int1.o
Int1::Int1()                                      build/int1.o
Int1::_instance                                   build/int1.o
Int1::init(Int1::SenseMode)                       build/int1.o
Int1::setPinMode(PinMode)                         build/int1.o
Int1::setSenseMode(Int1::SenseMode)               build/int1.o
Int1::~Int1()                                     build/int1.o
Int1::~Int1()                                     build/int1.o
Pcint0::Pcint0()                                  build/pcint0.o
Pcint0::Pcint0()                                  build/pcint0.o
Pcint0::_instance                                 build/pcint0.o
Pcint0::disablePins(Pcint0::Pin)                  build/pcint0.o
Pcint0::enablePins(Pcint0::Pin)                   build/pcint0.o
Pcint0::init(Pcint0::Pin)                         build/pcint0.o
Pcint0::setPinMode(Pcint0::Pin, PinMode)          build/pcint0.o
Pcint0::~Pcint0()                                 build/pcint0.o
Pcint0::~Pcint0()                                 build/pcint0.o
Pcint1::Pcint1()                                  build/pcint1.o
Pcint1::Pcint1()                                  build/pcint1.o
Pcint1::_instance                                 build/pcint1.o
                                                  build/main.o
Pcint1::disablePins(Pcint1::Pin)                  build/pcint1.o
Pcint1::enablePins(Pcint1::Pin)                   build/pcint1.o
Pcint1::init(Pcint1::Pin)                         build/pcint1.o
                                                  build/main.o
Pcint1::setPinMode(Pcint1::Pin, PinMode)          build/pcint1.o
                                                  build/main.o
Pcint1::~Pcint1()                                 build/pcint1.o
Pcint1::~Pcint1()                                 build/pcint1.o
Pcint2::Pcint2()                                  build/pcint2.o
Pcint2::Pcint2()                                  build/pcint2.o
Pcint2::_instance                                 build/pcint2.o
Pcint2::disablePins(Pcint2::Pin)                  build/pcint2.o
Pcint2::enablePins(Pcint2::Pin)                   build/pcint2.o
Pcint2::init(Pcint2::Pin)                         build/pcint2.o
Pcint2::setPinMode(Pcint2::Pin, PinMode)          build/pcint2.o
Pcint2::~Pcint2()                                 build/pcint2.o
Pcint2::~Pcint2()                                 build/pcint2.o
SevenSegmentsMuxDisplay::SevenSegmentsMuxDisplay() build/sevenSegmentsMuxDisplay.o
SevenSegmentsMuxDisplay::SevenSegmentsMuxDisplay() build/sevenSegmentsMuxDisplay.o
SevenSegmentsMuxDisplay::init(SevenSegmentsDisplayType) build/sevenSegmentsMuxDisplay.o
SevenSegmentsMuxDisplay::setPorts(GpioBus*, GpioBus*, LogicLevel) build/sevenSegmentsMuxDisplay.o
SevenSegmentsMuxDisplay::showNextDigit()          build/sevenSegmentsMuxDisplay.o
SevenSegmentsMuxDisplay::updateDigitValues(unsigned char const*, bool const*) build/sevenSegmentsMuxDisplay.o
SevenSegmentsMuxDisplay::~SevenSegmentsMuxDisplay() build/sevenSegmentsMuxDisplay.o
SevenSegmentsMuxDisplay::~SevenSegmentsMuxDisplay() build/sevenSegmentsMuxDisplay.o
SystemStatus::SystemStatus(unsigned long)         build/systemStatus.o
SystemStatus::SystemStatus(unsigned long)         build/systemStatus.o
SystemStatus::getCpuClock(unsigned long*)         build/systemStatus.o
                                                  build/usart0.o
                                                  build/twi.o
SystemStatus::getLastError()                      build/systemStatus.o
SystemStatus::setClockPrescaler(SystemStatus::ClockPrescaler) build/systemStatus.o
SystemStatus::~SystemStatus()                     build/systemStatus.o
SystemStatus::~SystemStatus()                     build/systemStatus.o
Timer0::Timer0()                                  build/timer0.o
Timer0::Timer0()                                  build/timer0.o
Timer0::_instance                                 build/timer0.o
                                                  build/main.o
Timer0::init(Timer0::Mode, Timer0::ClockSource)   build/timer0.o
                                                  build/main.o
Timer0::setClockSource(Timer0::ClockSource)       build/timer0.o
Timer0::setMode(Timer0::Mode)                     build/timer0.o
Timer0::setOutputMode(Timer0::OutputMode, Timer0::OutputMode) build/timer0.o
Timer0::~Timer0()                                 build/timer0.o
Timer0::~Timer0()                                 build/timer0.o
Timer1::Timer1()                                  build/timer1.o
Timer1::Timer1()                                  build/timer1.o
Timer1::_instance                                 build/timer1.o
                                                  build/main.o
Timer1::init(Timer1::Mode, Timer1::ClockSource)   build/timer1.o
                                                  build/main.o
Timer1::setClockSource(Timer1::ClockSource)       build/timer1.o
Timer1::setInputCaptureMode(Edge, bool)           build/timer1.o
Timer1::setMode(Timer1::Mode)                     build/timer1.o
Timer1::setOutputMode(Timer1::OutputMode, Timer1::OutputMode) build/timer1.o
Timer1::~Timer1()                                 build/timer1.o
Timer1::~Timer1()                                 build/timer1.o
Timer2::Timer2()                                  build/timer2.o
Timer2::Timer2()                                  build/timer2.o
Timer2::_instance                                 build/timer2.o
Timer2::init(Timer2::Mode, Timer2::ClockSource)   build/timer2.o
Timer2::setClockSource(Timer2::ClockSource)       build/timer2.o
Timer2::setMode(Timer2::Mode)                     build/timer2.o
Timer2::setOutputMode(Timer2::OutputMode, Timer2::OutputMode) build/timer2.o
Timer2::~Timer2()                                 build/timer2.o
Timer2::~Timer2()                                 build/timer2.o
Twi::Twi()                                        build/twi.o
Twi::Twi()                                        build/twi.o
Twi::_readFromBuffer(unsigned char*, unsigned char) build/twi.o
Twi::_startTransmission()                         build/twi.o
Twi::_waitWhileIsBusy()                           build/twi.o
Twi::getBusType()                                 build/twi.o
Twi::getLastError()                               build/twi.o
Twi::init(unsigned long, unsigned char)           build/twi.o
Twi::interruptHandler()                           build/twi.o
Twi::readReg(unsigned char, unsigned char*, unsigned int) build/twi.o
Twi::sendData(unsigned char, Twi::Operation, unsigned char, unsigned char*, unsigned char) build/twi.o
Twi::setDevice(unsigned int, bool)                build/twi.o
Twi::setTimeout(unsigned int)                     build/twi.o
Twi::writeReg(unsigned char, unsigned char const*, unsigned int) build/twi.o
Twi::~Twi()                                       build/twi.o
Twi::~Twi()                                       build/twi.o
Usart0::Usart0(Usart0::BaudRate, Usart0::Mode, Usart0::FrameFormat) build/usart0.o
Usart0::Usart0(Usart0::BaudRate, Usart0::Mode, Usart0::FrameFormat) build/usart0.o
Usart0::_clearDataOverrunError()                  build/usart0.o
Usart0::_clearFrameError()                        build/usart0.o
Usart0::_clearParityError()                       build/usart0.o
Usart0::_receiveDataStd(__file*)                  build/usart0.o
Usart0::flushReceptionBuffer()                    build/usart0.o
Usart0::getReceptionErrors(Usart0::ReceptionError*) build/usart0.o
Usart0::init()                                    build/usart0.o
                                                  build/main.o
Usart0::receiveData(unsigned int*)                build/usart0.o
Usart0::receiveDataStd(__file*)                   build/usart0.o
Usart0::sendData(unsigned int)                    build/usart0.o
Usart0::sendDataStd(char, __file*)                build/usart0.o
Usart0::setBaudRate(Usart0::BaudRate)             build/usart0.o
                                                  build/main.o
Usart0::setDataSize(Usart0::DataSize)             build/usart0.o
Usart0::setFrameFormat(Usart0::FrameFormat)       build/usart0.o
                                                  build/main.o
Usart0::setMode(Usart0::Mode)                     build/usart0.o
Usart0::setParityMode(Usart0::ParityMode)         build/usart0.o
Usart0::setStopBits(Usart0::StopBits)             build/usart0.o
Usart0::~Usart0()                                 build/usart0.o
Usart0::~Usart0()                                 build/usart0.o
__DATA_REGION_LENGTH__                            /usr/lib/gcc/avr/16.1.0/../../../../avr/lib/avr5/crtatmega328p.o
__DATA_REGION_ORIGIN__                            /usr/lib/gcc/avr/16.1.0/../../../../avr/lib/avr5/crtatmega328p.o
__EEPROM_REGION_LENGTH__                          /usr/lib/gcc/avr/16.1.0/../../../../avr/lib/avr5/crtatmega328p.o
__FUSE_REGION_LENGTH__                            /usr/lib/gcc/avr/16.1.0/../../../../avr/lib/avr5/crtatmega328p.o
__TEXT_REGION_LENGTH__                            /usr/lib/gcc/avr/16.1.0/../../../../avr/lib/avr5/crtatmega328p.o
__TEXT_REGION_ORIGIN__                            /usr/lib/gcc/avr/16.1.0/../../../../avr/lib/avr5/crtatmega328p.o
__ashrdi3                                         /usr/lib/gcc/avr/16.1.0/avr5/libgcc.a(_ashrdi3.o)
__bad_interrupt                                   /usr/lib/gcc/avr/16.1.0/../../../../avr/lib/avr5/crtatmega328p.o
__brkval                                          /usr/lib/gcc/avr/16.1.0/../../../../avr/lib/avr5/libc.a(malloc.o)
__bss_end                                         /usr/lib/gcc/avr/16.1.0/avr5/libgcc.a(_clear_bss.o)
__bss_start                                       /usr/lib/gcc/avr/16.1.0/avr5/libgcc.a(_clear_bss.o)
__call_main                                       /usr/lib/gcc/avr/16.1.0/../../../../avr/lib/avr5/libatmega328p.a(call_main.o)
                                                  /usr/lib/gcc/avr/16.1.0/../../../../avr/lib/avr5/crtatmega328p.o
__ctors_end                                       /usr/lib/gcc/avr/16.1.0/avr5/libgcc.a(_ctors.o)
__ctors_start                                     /usr/lib/gcc/avr/16.1.0/avr5/libgcc.a(_ctors.o)
__data_end                                        /usr/lib/gcc/avr/16.1.0/avr5/libgcc.a(_copy_data.o)
__data_load_start                                 /usr/lib/gcc/avr/16.1.0/avr5/libgcc.a(_copy_data.o)
__data_start                                      /usr/lib/gcc/avr/16.1.0/avr5/libgcc.a(_copy_data.o)
__divmodhi4                                       /usr/lib/gcc/avr/16.1.0/avr5/libgcc.a(_divmodhi4.o)
                                                  build/main.o
                                                  build/hd44780.o
__do_clear_bss                                    /usr/lib/gcc/avr/16.1.0/avr5/libgcc.a(_clear_bss.o)
                                                  /usr/lib/gcc/avr/16.1.0/../../../../avr/lib/avr5/libc.a(iob.o)
                                                  /usr/lib/gcc/avr/16.1.0/../../../../avr/lib/avr5/libc.a(malloc.o)
                                                  build/main.o
                                                  build/systemStatus.o
                                                  build/debug.o
                                                  build/usart0.o
                                                  build/twi.o
                                                  build/timer2.o
                                                  build/timer1.o
                                                  build/timer0.o
                                                  build/pcint2.o
                                                  build/pcint1.o
                                                  build/pcint0.o
                                                  build/int1.o
                                                  build/int0.o
                                                  build/adc.o
                                                  build/hd44780.o
__do_copy_data                                    /usr/lib/gcc/avr/16.1.0/avr5/libgcc.a(_copy_data.o)
                                                  /usr/lib/gcc/avr/16.1.0/../../../../avr/lib/avr5/libc.a(malloc.o)
                                                  build/main.o
                                                  build/dateTime.o
                                                  build/twi.o
__do_global_ctors                                 /usr/lib/gcc/avr/16.1.0/avr5/libgcc.a(_ctors.o)
                                                  build/main.o
                                                  build/systemStatus.o
                                                  build/debug.o
                                                  build/usart0.o
                                                  build/twi.o
                                                  build/timer2.o
                                                  build/timer1.o
                                                  build/timer0.o
                                                  build/pcint2.o
                                                  build/pcint1.o
                                                  build/pcint0.o
                                                  build/int1.o
                                                  build/int0.o
                                                  build/adc.o
__do_global_dtors                                 /usr/lib/gcc/avr/16.1.0/avr5/libgcc.a(_dtors.o)
                                                  build/main.o
                                                  build/twi.o
__dtors_end                                       /usr/lib/gcc/avr/16.1.0/avr5/libgcc.a(_dtors.o)
__dtors_start                                     /usr/lib/gcc/avr/16.1.0/avr5/libgcc.a(_dtors.o)
__epilogue_restores__                             /usr/lib/gcc/avr/16.1.0/avr5/libgcc.a(_epilogue.o)
                                                  /usr/lib/gcc/avr/16.1.0/../../../../avr/lib/avr5/libc.a(vfprintf_std.o)
                                                  /usr/lib/gcc/avr/16.1.0/../../../../avr/lib/avr5/libc.a(sprintf_p.o)
                                                  /usr/lib/gcc/avr/16.1.0/../../../../avr/lib/avr5/libc.a(printf.o)
__flp                                             /usr/lib/gcc/avr/16.1.0/../../../../avr/lib/avr5/libc.a(malloc.o)
__heap_end                                        /usr/lib/gcc/avr/16.1.0/../../../../avr/lib/avr5/crtatmega328p.o
                                                  /usr/lib/gcc/avr/16.1.0/../../../../avr/lib/avr5/libc.a(malloc.o)
__heap_start                                      /usr/lib/gcc/avr/16.1.0/../../../../avr/lib/avr5/libc.a(malloc.o)
__init                                            /usr/lib/gcc/avr/16.1.0/../../../../avr/lib/avr5/crtatmega328p.o
__init_sp                                         /usr/lib/gcc/avr/16.1.0/../../../../avr/lib/avr5/libatmega328p.a(init_sp.o)
                                                  /usr/lib/gcc/avr/16.1.0/../../../../avr/lib/avr5/crtatmega328p.o
__iob                                             /usr/lib/gcc/avr/16.1.0/../../../../avr/lib/avr5/libc.a(iob.o)
                                                  /usr/lib/gcc/avr/16.1.0/../../../../avr/lib/avr5/libc.a(puts.o)
                                                  /usr/lib/gcc/avr/16.1.0/../../../../avr/lib/avr5/libc.a(printf.o)
                                                  build/main.o
                                                  build/hd44780.o
__lshrdi3                                         /usr/lib/gcc/avr/16.1.0/avr5/libgcc.a(_ashrdi3.o)
                                                  build/usart0.o
__malloc_heap_end                                 /usr/lib/gcc/avr/16.1.0/../../../../avr/lib/avr5/libc.a(malloc.o)
__malloc_heap_start                               /usr/lib/gcc/avr/16.1.0/../../../../avr/lib/avr5/libc.a(malloc.o)
__malloc_margin                                   /usr/lib/gcc/avr/16.1.0/../../../../avr/lib/avr5/libc.a(malloc.o)
__muluhisi3                                       /usr/lib/gcc/avr/16.1.0/avr5/libgcc.a(_muluhisi3.o)
                                                  build/usart0.o
__negsi2                                          /usr/lib/gcc/avr/16.1.0/avr5/libgcc.a(_negsi2.o)
                                                  /usr/lib/gcc/avr/16.1.0/../../../../avr/lib/avr5/libc.a(vfprintf_std.o)
__prologue_saves__                                /usr/lib/gcc/avr/16.1.0/avr5/libgcc.a(_prologue.o)
                                                  /usr/lib/gcc/avr/16.1.0/../../../../avr/lib/avr5/libc.a(vfprintf_std.o)
                                                  /usr/lib/gcc/avr/16.1.0/../../../../avr/lib/avr5/libc.a(sprintf_p.o)
                                                  /usr/lib/gcc/avr/16.1.0/../../../../avr/lib/avr5/libc.a(printf.o)
__stack                                           /usr/lib/gcc/avr/16.1.0/../../../../avr/lib/avr5/crtatmega328p.o
                                                  /usr/lib/gcc/avr/16.1.0/../../../../avr/lib/avr5/libatmega328p.a(init_sp.o)
__tablejump2__                                    /usr/lib/gcc/avr/16.1.0/avr5/libgcc.a(_tablejump2.o)
                                                  /usr/lib/gcc/avr/16.1.0/avr5/libgcc.a(_dtors.o)
                                                  /usr/lib/gcc/avr/16.1.0/avr5/libgcc.a(_ctors.o)
                                                  build/systemStatus.o
                                                  build/usart0.o
                                                  build/adc.o
                                                  build/sevenSegmentsDisplay.o
__udivmodhi4                                      /usr/lib/gcc/avr/16.1.0/avr5/libgcc.a(_udivmodhi4.o)
                                                  /usr/lib/gcc/avr/16.1.0/avr5/libgcc.a(_divmodhi4.o)
__udivmodsi4                                      /usr/lib/gcc/avr/16.1.0/avr5/libgcc.a(_udivmodsi4.o)
                                                  build/systemStatus.o
                                                  build/usart0.o
                                                  build/twi.o
__ultoa_invert                                    /usr/lib/gcc/avr/16.1.0/../../../../avr/lib/avr5/libc.a(ultoa_invert.o)
                                                  /usr/lib/gcc/avr/16.1.0/../../../../avr/lib/avr5/libc.a(vfprintf_std.o)
__umulhisi3                                       /usr/lib/gcc/avr/16.1.0/avr5/libgcc.a(_umulhisi3.o)
                                                  /usr/lib/gcc/avr/16.1.0/../../../../avr/lib/avr5/libc.a(calloc.o)
                                                  /usr/lib/gcc/avr/16.1.0/avr5/libgcc.a(_muluhisi3.o)
                                                  build/dateTime.o
                                                  build/gpioPin.o
                                                  build/gpioBus.o
                                                  build/ds1307.o
__vector_1                                        build/int0.o
                                                  /usr/lib/gcc/avr/16.1.0/../../../../avr/lib/avr5/crtatmega328p.o
__vector_10                                       build/timer1.o
                                                  /usr/lib/gcc/avr/16.1.0/../../../../avr/lib/avr5/crtatmega328p.o
__vector_11                                       build/timer1.o
                                                  /usr/lib/gcc/avr/16.1.0/../../../../avr/lib/avr5/crtatmega328p.o
__vector_12                                       build/timer1.o
                                                  /usr/lib/gcc/avr/16.1.0/../../../../avr/lib/avr5/crtatmega328p.o
__vector_13                                       build/timer1.o
                                                  /usr/lib/gcc/avr/16.1.0/../../../../avr/lib/avr5/crtatmega328p.o
__vector_14                                       build/timer0.o
                                                  /usr/lib/gcc/avr/16.1.0/../../../../avr/lib/avr5/crtatmega328p.o
__vector_15                                       build/timer0.o
                                                  /usr/lib/gcc/avr/16.1.0/../../../../avr/lib/avr5/crtatmega328p.o
__vector_16                                       build/timer0.o
                                                  /usr/lib/gcc/avr/16.1.0/../../../../avr/lib/avr5/crtatmega328p.o
__vector_17                                       /usr/lib/gcc/avr/16.1.0/../../../../avr/lib/avr5/crtatmega328p.o
__vector_18                                       build/usart0.o
                                                  /usr/lib/gcc/avr/16.1.0/../../../../avr/lib/avr5/crtatmega328p.o
__vector_19                                       build/usart0.o
                                                  /usr/lib/gcc/avr/16.1.0/../../../../avr/lib/avr5/crtatmega328p.o
__vector_2                                        build/int1.o
                                                  /usr/lib/gcc/avr/16.1.0/../../../../avr/lib/avr5/crtatmega328p.o
__vector_20                                       build/usart0.o
                                                  /usr/lib/gcc/avr/16.1.0/../../../../avr/lib/avr5/crtatmega328p.o
__vector_21                                       build/adc.o
                                                  /usr/lib/gcc/avr/16.1.0/../../../../avr/lib/avr5/crtatmega328p.o
__vector_22                                       /usr/lib/gcc/avr/16.1.0/../../../../avr/lib/avr5/crtatmega328p.o
__vector_23                                       /usr/lib/gcc/avr/16.1.0/../../../../avr/lib/avr5/crtatmega328p.o
__vector_24                                       build/twi.o
                                                  /usr/lib/gcc/avr/16.1.0/../../../../avr/lib/avr5/crtatmega328p.o
__vector_25                                       /usr/lib/gcc/avr/16.1.0/../../../../avr/lib/avr5/crtatmega328p.o
__vector_3                                        build/pcint0.o
                                                  /usr/lib/gcc/avr/16.1.0/../../../../avr/lib/avr5/crtatmega328p.o
__vector_4                                        build/pcint1.o
                                                  /usr/lib/gcc/avr/16.1.0/../../../../avr/lib/avr5/crtatmega328p.o
__vector_5                                        build/pcint2.o
                                                  /usr/lib/gcc/avr/16.1.0/../../../../avr/lib/avr5/crtatmega328p.o
__vector_6                                        /usr/lib/gcc/avr/16.1.0/../../../../avr/lib/avr5/crtatmega328p.o
__vector_7                                        build/timer2.o
                                                  /usr/lib/gcc/avr/16.1.0/../../../../avr/lib/avr5/crtatmega328p.o
__vector_8                                        build/timer2.o
                                                  /usr/lib/gcc/avr/16.1.0/../../../../avr/lib/avr5/crtatmega328p.o
__vector_9                                        build/timer2.o
                                                  /usr/lib/gcc/avr/16.1.0/../../../../avr/lib/avr5/crtatmega328p.o
__vector_default                                  /usr/lib/gcc/avr/16.1.0/../../../../avr/lib/avr5/crtatmega328p.o
__vectors                                         /usr/lib/gcc/avr/16.1.0/../../../../avr/lib/avr5/crtatmega328p.o
_div                                              /usr/lib/gcc/avr/16.1.0/avr5/libgcc.a(_divmodhi4.o)
_exit                                             /usr/lib/gcc/avr/16.1.0/avr5/libgcc.a(_exit.o)
adcConversionCompleteCallback()                   build/adc.o
button_last_changed                               build/main.o
button_pending_change                             build/main.o
buttons                                           build/main.o
calloc                                            /usr/lib/gcc/avr/16.1.0/../../../../avr/lib/avr5/libc.a(calloc.o)
                                                  build/twi.o
convertToSevenSegments(SevenSegmentsCode, bool, SevenSegmentsDisplayType) build/sevenSegmentsDisplay.o
convertToSevenSegments(unsigned char, bool, SevenSegmentsDisplayType) build/sevenSegmentsDisplay.o
                                                  build/sevenSegmentsMuxDisplay.o
convert_recieved(int*, int*, int*, BT_STATE*, unsigned char*) build/main.o
current_state                                     build/main.o
debounced_buttons                                 build/main.o
debug                                             build/debug.o
defaultDisplay                                    build/hd44780.o
exit                                              /usr/lib/gcc/avr/16.1.0/avr5/libgcc.a(_exit.o)
                                                  /usr/lib/gcc/avr/16.1.0/../../../../avr/lib/avr5/libatmega328p.a(call_main.o)
format_packet(unsigned int, unsigned int, unsigned char, int, OP_MODE, unsigned char*) build/main.o
fputc                                             /usr/lib/gcc/avr/16.1.0/../../../../avr/lib/avr5/libc.a(fputc.o)
                                                  /usr/lib/gcc/avr/16.1.0/../../../../avr/lib/avr5/libc.a(vfprintf_std.o)
free                                              /usr/lib/gcc/avr/16.1.0/../../../../avr/lib/avr5/libc.a(malloc.o)
                                                  build/twi.o
get_millis()                                      build/main.o
int0InterruptCallback()                           build/int0.o
int1InterruptCallback()                           build/int1.o
lcdStream                                         build/hd44780.o
led                                               build/main.o
main                                              build/main.o
                                                  /usr/lib/gcc/avr/16.1.0/../../../../avr/lib/avr5/libatmega328p.a(call_main.o)
                                                  /usr/lib/gcc/avr/16.1.0/../../../../avr/lib/avr5/crtatmega328p.o
malloc                                            /usr/lib/gcc/avr/16.1.0/../../../../avr/lib/avr5/libc.a(malloc.o)
                                                  /usr/lib/gcc/avr/16.1.0/../../../../avr/lib/avr5/libc.a(calloc.o)
memset                                            /usr/lib/gcc/avr/16.1.0/../../../../avr/lib/avr5/libc.a(memset.o)
                                                  /usr/lib/gcc/avr/16.1.0/../../../../avr/lib/avr5/libc.a(calloc.o)
pcint0InterruptCallback()                         build/pcint0.o
pcint1InterruptCallback()                         build/main.o
                                                  build/pcint1.o
pcint2InterruptCallback()                         build/pcint2.o
printf                                            /usr/lib/gcc/avr/16.1.0/../../../../avr/lib/avr5/libc.a(printf.o)
                                                  build/main.o
                                                  build/debug.o
puts                                              /usr/lib/gcc/avr/16.1.0/../../../../avr/lib/avr5/libc.a(puts.o)
                                                  build/main.o
slave_select_esp                                  build/main.o
spi_flag                                          build/main.o
spi_writeRead(unsigned char)                      build/main.o
sprintf_P                                         /usr/lib/gcc/avr/16.1.0/../../../../avr/lib/avr5/libc.a(sprintf_p.o)
                                                  build/debug.o
strnlen                                           /usr/lib/gcc/avr/16.1.0/../../../../avr/lib/avr5/libc.a(strnlen.o)
                                                  /usr/lib/gcc/avr/16.1.0/../../../../avr/lib/avr5/libc.a(vfprintf_std.o)
strnlen_P                                         /usr/lib/gcc/avr/16.1.0/../../../../avr/lib/avr5/libc.a(strnlen_P.o)
                                                  /usr/lib/gcc/avr/16.1.0/../../../../avr/lib/avr5/libc.a(vfprintf_std.o)
systemStatus                                      build/systemStatus.o
                                                  build/usart0.o
                                                  build/twi.o
timer0CompareACallback()                          build/main.o
                                                  build/timer0.o
timer0CompareBCallback()                          build/timer0.o
timer0OverflowCallback()                          build/timer0.o
timer1CompareACallback()                          build/main.o
                                                  build/timer1.o
timer1CompareBCallback()                          build/timer1.o
timer1InputCaptureCallback()                      build/timer1.o
timer1OverflowCallback()                          build/timer1.o
timer2CompareACallback()                          build/timer2.o
timer2CompareBCallback()                          build/timer2.o
timer2OverflowCallback()                          build/timer2.o
timer_millis                                      build/main.o
transcieve_packets(unsigned char*, unsigned char*, unsigned int) build/main.o
twi                                               build/twi.o
usart0                                            build/usart0.o
                                                  build/main.o
usartDefaultHandler                               build/usart0.o
usartReceptionCompleteCallback()                  build/usart0.o
usartStream                                       build/usart0.o
                                                  build/main.o
usartTransmissionBufferEmptyCallback()            build/usart0.o
usartTransmissionCompleteCallback()               build/usart0.o
usartTransmitStdWrapper(char, __file*)            build/usart0.o
vfprintf                                          /usr/lib/gcc/avr/16.1.0/../../../../avr/lib/avr5/libc.a(vfprintf_std.o)
                                                  /usr/lib/gcc/avr/16.1.0/../../../../avr/lib/avr5/libc.a(sprintf_p.o)
                                                  /usr/lib/gcc/avr/16.1.0/../../../../avr/lib/avr5/libc.a(printf.o)
vtable for Bus                                    build/twi.o
vtable for Twi                                    build/twi.o
