Archive member included to satisfy reference by file (symbol)

/usr/lib/gcc/avr/16.1.0/avr5/libgcc.a(_umulhisi3.o)
                              build/ds1307.o (__umulhisi3)
/usr/lib/gcc/avr/16.1.0/avr5/libgcc.a(_divmodhi4.o)
                              build/hd44780.o (__divmodhi4)
/usr/lib/gcc/avr/16.1.0/avr5/libgcc.a(_udivmodsi4.o)
                              build/twi.o (__udivmodsi4)
/usr/lib/gcc/avr/16.1.0/avr5/libgcc.a(_divmodsi4.o)
                              build/main.o (__divmodsi4)
/usr/lib/gcc/avr/16.1.0/avr5/libgcc.a(_negsi2.o)
                              /usr/lib/gcc/avr/16.1.0/avr5/libgcc.a(_divmodsi4.o) (__negsi2)
/usr/lib/gcc/avr/16.1.0/avr5/libgcc.a(_tablejump2.o)
                              build/sevenSegmentsDisplay.o (__tablejump2__)
/usr/lib/gcc/avr/16.1.0/avr5/libgcc.a(_copy_data.o)
                              build/twi.o (__do_copy_data)
/usr/lib/gcc/avr/16.1.0/avr5/libgcc.a(_clear_bss.o)
                              build/hd44780.o (__do_clear_bss)
/usr/lib/gcc/avr/16.1.0/avr5/libgcc.a(_ctors.o)
                              build/adc.o (__do_global_ctors)
/usr/lib/gcc/avr/16.1.0/avr5/libgcc.a(_dtors.o)
                              build/twi.o (__do_global_dtors)
/usr/lib/gcc/avr/16.1.0/avr5/libgcc.a(_muluhisi3.o)
                              build/usart0.o (__muluhisi3)
/usr/lib/gcc/avr/16.1.0/avr5/libgcc.a(_ashrdi3.o)
                              build/usart0.o (__lshrdi3)
/usr/lib/gcc/avr/16.1.0/avr5/libgcc.a(_udivmodhi4.o)
                              /usr/lib/gcc/avr/16.1.0/avr5/libgcc.a(_divmodhi4.o) (__udivmodhi4)
/usr/lib/gcc/avr/16.1.0/../../../../avr/lib/avr5/libm.a(addsf3.o)
                              build/main.o (__subsf3)
/usr/lib/gcc/avr/16.1.0/../../../../avr/lib/avr5/libm.a(addsf3x.o)
                              /usr/lib/gcc/avr/16.1.0/../../../../avr/lib/avr5/libm.a(addsf3.o) (__addsf3x)
/usr/lib/gcc/avr/16.1.0/../../../../avr/lib/avr5/libm.a(cmpsf2.o)
                              build/main.o (__ltsf2)
/usr/lib/gcc/avr/16.1.0/../../../../avr/lib/avr5/libm.a(divsf3.o)
                              build/main.o (__divsf3)
/usr/lib/gcc/avr/16.1.0/../../../../avr/lib/avr5/libm.a(divsf3x.o)
                              /usr/lib/gcc/avr/16.1.0/../../../../avr/lib/avr5/libm.a(divsf3.o) (__divsf3x)
/usr/lib/gcc/avr/16.1.0/../../../../avr/lib/avr5/libm.a(fixsfsi.o)
                              build/main.o (__fixsfsi)
/usr/lib/gcc/avr/16.1.0/../../../../avr/lib/avr5/libm.a(fixunssfsi.o)
                              /usr/lib/gcc/avr/16.1.0/../../../../avr/lib/avr5/libm.a(fixsfsi.o) (__fixunssfsi)
/usr/lib/gcc/avr/16.1.0/../../../../avr/lib/avr5/libm.a(floatsisf.o)
                              build/main.o (__floatsisf)
/usr/lib/gcc/avr/16.1.0/../../../../avr/lib/avr5/libm.a(fp_cmp.o)
                              /usr/lib/gcc/avr/16.1.0/../../../../avr/lib/avr5/libm.a(cmpsf2.o) (__fp_cmp)
/usr/lib/gcc/avr/16.1.0/../../../../avr/lib/avr5/libm.a(fp_inf.o)
                              /usr/lib/gcc/avr/16.1.0/../../../../avr/lib/avr5/libm.a(addsf3x.o) (__fp_inf)
/usr/lib/gcc/avr/16.1.0/../../../../avr/lib/avr5/libm.a(fp_nan.o)
                              /usr/lib/gcc/avr/16.1.0/../../../../avr/lib/avr5/libm.a(addsf3x.o) (__fp_nan)
/usr/lib/gcc/avr/16.1.0/../../../../avr/lib/avr5/libm.a(fp_pscA.o)
                              /usr/lib/gcc/avr/16.1.0/../../../../avr/lib/avr5/libm.a(addsf3x.o) (__fp_pscA)
/usr/lib/gcc/avr/16.1.0/../../../../avr/lib/avr5/libm.a(fp_pscB.o)
                              /usr/lib/gcc/avr/16.1.0/../../../../avr/lib/avr5/libm.a(addsf3x.o) (__fp_pscB)
/usr/lib/gcc/avr/16.1.0/../../../../avr/lib/avr5/libm.a(fp_round.o)
                              /usr/lib/gcc/avr/16.1.0/../../../../avr/lib/avr5/libm.a(addsf3.o) (__fp_round)
/usr/lib/gcc/avr/16.1.0/../../../../avr/lib/avr5/libm.a(fp_split3.o)
                              /usr/lib/gcc/avr/16.1.0/../../../../avr/lib/avr5/libm.a(addsf3x.o) (__fp_split3)
/usr/lib/gcc/avr/16.1.0/../../../../avr/lib/avr5/libm.a(fp_zero.o)
                              /usr/lib/gcc/avr/16.1.0/../../../../avr/lib/avr5/libm.a(addsf3x.o) (__fp_zero)
/usr/lib/gcc/avr/16.1.0/../../../../avr/lib/avr5/libm.a(gesf2.o)
                              build/main.o (__gtsf2)
/usr/lib/gcc/avr/16.1.0/../../../../avr/lib/avr5/libm.a(mulsf3.o)
                              build/main.o (__mulsf3)
/usr/lib/gcc/avr/16.1.0/../../../../avr/lib/avr5/libm.a(mulsf3x.o)
                              /usr/lib/gcc/avr/16.1.0/../../../../avr/lib/avr5/libm.a(mulsf3.o) (__mulsf3x)
/usr/lib/gcc/avr/16.1.0/../../../../avr/lib/avr5/libc.a(calloc.o)
                              build/twi.o (calloc)
/usr/lib/gcc/avr/16.1.0/../../../../avr/lib/avr5/libc.a(malloc.o)
                              /usr/lib/gcc/avr/16.1.0/../../../../avr/lib/avr5/libc.a(calloc.o) (malloc)
/usr/lib/gcc/avr/16.1.0/../../../../avr/lib/avr5/libc.a(memset.o)
[...]
Memory Configuration

Name             Origin             Length             Attributes
text             0x00000000         0x00008000         xr
data             0x00800100         0x00000800         rw!x
eeprom           0x00810000         0x00000400         rw!x
fuse             0x00820000         0x00000003         rw!x
lock             0x00830000         0x00000400         rw!x
signature        0x00840000         0x00000400         rw!x
user_signatures  0x00850000         0x00000400         rw!x
*default*        0x00000000         0xffffffff

Linker script and memory map

Address of section .data set to 0x800100
LOAD /usr/lib/gcc/avr/16.1.0/../../../../avr/lib/avr5/crtatmega328p.o
LOAD build/ds1307.o
LOAD build/hd44780.o
LOAD build/sevenSegmentsDisplay.o
LOAD build/sevenSegmentsMuxDisplay.o
LOAD build/ssd1306.o
LOAD build/adc.o
LOAD build/gpioBus.o
LOAD build/gpioPin.o
LOAD build/int0.o
LOAD build/int1.o
LOAD build/pcint0.o
LOAD build/pcint1.o
LOAD build/pcint2.o
LOAD build/timer0.o
LOAD build/timer1.o
LOAD build/timer2.o
LOAD build/twi.o
LOAD build/usart0.o
LOAD build/dateTime.o
LOAD build/debug.o
LOAD build/systemStatus.o
LOAD build/main.o
LOAD /usr/lib/gcc/avr/16.1.0/avr5/libgcc.a
LOAD /usr/lib/gcc/avr/16.1.0/../../../../avr/lib/avr5/libm.a
START GROUP
LOAD /usr/lib/gcc/avr/16.1.0/avr5/libgcc.a
LOAD /usr/lib/gcc/avr/16.1.0/../../../../avr/lib/avr5/libm.a
LOAD /usr/lib/gcc/avr/16.1.0/../../../../avr/lib/avr5/libc.a
LOAD /usr/lib/gcc/avr/16.1.0/../../../../avr/lib/avr5/libatmega328p.a
END GROUP
                [0x00000000]                      __TEXT_REGION_ORIGIN__ = DEFINED (__TEXT_REGION_ORIGIN__)?__TEXT_REGION_ORIGIN__:0x0
                [0x00008000]                      __TEXT_REGION_LENGTH__ = DEFINED (__TEXT_REGION_LENGTH__)?__TEXT_REGION_LENGTH__:0x20000
                [0x00800100]                      __DATA_REGION_ORIGIN__ = DEFINED (__DATA_REGION_ORIGIN__)?__DATA_REGION_ORIGIN__:0x800060
                [0x00000800]                      __DATA_REGION_LENGTH__ = DEFINED (__DATA_REGION_LENGTH__)?__DATA_REGION_LENGTH__:0xffa0
                [0x00000400]                      __EEPROM_REGION_LENGTH__ = DEFINED (__EEPROM_REGION_LENGTH__)?__EEPROM_REGION_LENGTH__:0x10000
                [0x00000003]                      __FUSE_REGION_LENGTH__ = DEFINED (__FUSE_REGION_LENGTH__)?__FUSE_REGION_LENGTH__:0x400
                0x00000400                        __LOCK_REGION_LENGTH__ = DEFINED (__LOCK_REGION_LENGTH__)?__LOCK_REGION_LENGTH__:0x400
                0x00000400                        __SIGNATURE_REGION_LENGTH__ = DEFINED (__SIGNATURE_REGION_LENGTH__)?__SIGNATURE_REGION_LENGTH__:0x400
                0x00000400                        __USER_SIGNATURE_REGION_LENGTH__ = DEFINED (__USER_SIGNATURE_REGION_LENGTH__)?__USER_SIGNATURE_REGION_LENGTH__:0x400

.hash
 *(.hash)

.dynsym
 *(.dynsym)

.dynstr
 *(.dynstr)

.gnu.version
 *(.gnu.version)

.gnu.version_d
 *(.gnu.version_d)

.gnu.version_r
 *(.gnu.version_r)

.rel.init
 *(.rel.init)

.rela.init
 *(.rela.init)

.rel.text
 *(.rel.text)
 *(.rel.text.*)
 *(.rel.gnu.linkonce.t*)

.rela.text
 *(.rela.text)
 *(.rela.text.*)
 *(.rela.gnu.linkonce.t*)

.rel.fini
 *(.rel.fini)

.rela.fini
 *(.rela.fini)

.rel.rodata
 *(.rel.rodata)
 *(.rel.rodata.*)
 *(.rel.gnu.linkonce.r*)

.rela.rodata
 *(.rela.rodata)
 *(.rela.rodata.*)
 *(.rela.gnu.linkonce.r*)

.rel.data
 *(.rel.data)
 *(.rel.data.*)
 *(.rel.gnu.linkonce.d*)

.rela.data
 *(.rela.data)
 *(.rela.data.*)
 *(.rela.gnu.linkonce.d*)

.rel.ctors
 *(.rel.ctors)

.rela.ctors
 *(.rela.ctors)

.rel.dtors
 *(.rel.dtors)

.rela.dtors
 *(.rela.dtors)

.rel.got
 *(.rel.got)

.rela.got
 *(.rela.got)

.rel.bss
 *(.rel.bss)

.rela.bss
 *(.rela.bss)

.rel.plt
 *(.rel.plt)

.rela.plt
 *(.rela.plt)

.text           0x00000000     0x3f6e
 *(.vectors)
 .vectors       0x00000000       0x68 /usr/lib/gcc/avr/16.1.0/../../../../avr/lib/avr5/crtatmega328p.o
                0x00000000                __vectors
                0x00000000                __vector_default
 *(.vectors)
                0x00000068                        __progmem_start = .
 *(.progmem)
 *(.progmem.*)
 .progmem.data._ZL16constSsd1306Font
                0x00000068      0x1db build/ssd1306.o
 .progmem.data._ZL24constSsd1306InitSequence
                0x00000243       0x12 build/ssd1306.o
 .progmem.data._ZZ4mainE3__c_4
                0x00000255        0x3 build/main.o
 .progmem.data._ZZ4mainE3__c_3
                0x00000258        0x3 build/main.o
 .progmem.data._ZZ4mainE3__c_2
                0x0000025b        0x7 build/main.o
 .progmem.data._ZZ4mainE3__c_1
                0x00000262        0x7 build/main.o
 .progmem.data._ZZ4mainE3__c_0
                0x00000269        0x5 build/main.o
 .progmem.data._ZZ4mainE3__c
                0x0000026e       0x12 build/main.o
                0x00000280                        __progmem_end = .
                0x00000001                        ASSERT (((__progmem_start == __progmem_end) || (__progmem_end <= 0x10000)), .progmem section exceeds 0x10000)
                0x00000280                        . = ALIGN (0x2)
                0x00000280                        __trampolines_start = .
 *(.trampolines)
 .trampolines   0x00000280        0x0 linker stubs
 *(.trampolines*)
                0x00000280                        __trampolines_end = .
                0x00000280                        . = ALIGN (0x2)
 *(.lowtext)
 *(.lowtext*)
                0x00000280                        __ctors_start = .
 *(.ctors)
 .ctors         0x00000280        0x2 build/adc.o
 .ctors         0x00000282        0x2 build/int0.o
 .ctors         0x00000284        0x2 build/int1.o
 .ctors         0x00000286        0x2 build/pcint0.o
 .ctors         0x00000288        0x2 build/pcint1.o
 .ctors         0x0000028a        0x2 build/pcint2.o
 .ctors         0x0000028c        0x2 build/timer0.o
 .ctors         0x0000028e        0x2 build/timer1.o
 .ctors         0x00000290        0x2 build/timer2.o
 .ctors         0x00000292        0x2 build/twi.o
 .ctors         0x00000294        0x2 build/usart0.o
 .ctors         0x00000296        0x2 build/debug.o
 .ctors         0x00000298        0x2 build/systemStatus.o
 .ctors         0x0000029a        0x2 build/main.o
                0x0000029c                        __ctors_end = .
                0x0000029c                        __dtors_start = .
 *(.dtors)
 .dtors         0x0000029c        0x2 build/twi.o
 .dtors         0x0000029e        0x2 build/main.o
                0x000002a0                        __dtors_end = .
 SORT_BY_NAME(*)(.ctors)
 SORT_BY_NAME(*)(.dtors)
 *(.init0)
 .init0         0x000002a0        0x0 /usr/lib/gcc/avr/16.1.0/../../../../avr/lib/avr5/crtatmega328p.o
                0x000002a0                __init
 *(.init0)
 *(.init1)
 *(.init1)
 *(.init2)
 .init2         0x000002a0        0x4 /usr/lib/gcc/avr/16.1.0/../../../../avr/lib/avr5/crtatmega328p.o
 .init2         0x000002a4        0x8 /usr/lib/gcc/avr/16.1.0/../../../../avr/lib/avr5/libatmega328p.a(init_sp.o)
                0x000002a4                __init_sp
 *(.init2)
 *(.init3)
 *(.init3)
 *(.init4)
 .init4         0x000002ac       0x16 /usr/lib/gcc/avr/16.1.0/avr5/libgcc.a(_copy_data.o)
                0x000002ac                __do_copy_data
 .init4         0x000002c2       0x10 /usr/lib/gcc/avr/16.1.0/avr5/libgcc.a(_clear_bss.o)
                0x000002c2                __do_clear_bss
 *(.init4)
 *(.init5)
 *(.init5)
 *(.init6)
 .init6         0x000002d2       0x16 /usr/lib/gcc/avr/16.1.0/avr5/libgcc.a(_ctors.o)
                0x000002d2                __do_global_ctors
 *(.init6)
 *(.init7)
 *(.init7)
 *(.init8)
 *(.init8)
 *(.init9)
 .init9         0x000002e8        0x8 /usr/lib/gcc/avr/16.1.0/../../../../avr/lib/avr5/libatmega328p.a(call_main.o)
                0x000002e8                __call_main
 *(.init9)
 *(.text)
 .text          0x000002f0        0x4 /usr/lib/gcc/avr/16.1.0/../../../../avr/lib/avr5/crtatmega328p.o
                0x000002f0                __vector_22
                0x000002f0                __bad_interrupt
                0x000002f0                __vector_6
                0x000002f0                __vector_23
                0x000002f0                __vector_25
                0x000002f0                __vector_17
                0x000002f4                        . = ALIGN (0x2)
 *(.text.*)
 .text._ZN7Ssd1306C2Ev
                0x000002f4       0x50 build/ssd1306.o
                0x000002f4                Ssd1306::Ssd1306()
                0x000002f4                Ssd1306::Ssd1306()
 .text._ZN7Ssd1306D2Ev
                0x00000344        0x2 build/ssd1306.o
                0x00000344                Ssd1306::~Ssd1306()
                0x00000344                Ssd1306::~Ssd1306()
 .text._ZN7Ssd130611setTextSizeEh
                0x00000346       0x2e build/ssd1306.o
                0x00000346                Ssd1306::setTextSize(unsigned char)
 .text._ZN7Ssd130613_writeCommandEh
                0x00000374       0xb2 build/ssd1306.o
                0x00000374                Ssd1306::_writeCommand(unsigned char)
 .text._ZN7Ssd130617_writeCommandListEPKhh
                0x00000426       0x46 build/ssd1306.o
                0x00000426                Ssd1306::_writeCommandList(unsigned char const*, unsigned char)
 .text._ZN7Ssd130610_writeDataEPKhh
                0x0000046c       0xd4 build/ssd1306.o
                0x0000046c                Ssd1306::_writeData(unsigned char const*, unsigned char)
 .text._ZN7Ssd130611_setAddressEhh
                0x00000540       0x46 build/ssd1306.o
                0x00000540                Ssd1306::_setAddress(unsigned char, unsigned char)
 .text._ZN7Ssd130610_writeCharEc
                0x00000586      0x190 build/ssd1306.o
                0x00000586                Ssd1306::_writeChar(char)
 .text._ZN7Ssd130614_isInitializedEv
                0x00000716       0x1e build/ssd1306.o
                0x00000716                Ssd1306::_isInitialized()
 .text._ZN7Ssd130611clearScreenEv
                0x00000734       0xae build/ssd1306.o
                0x00000734                Ssd1306::clearScreen()
 .text._ZN7Ssd13064initEP3BusNS_4SizeEh
                0x000007e2      0x12a build/ssd1306.o
                0x000007e2                Ssd1306::init(Bus*, Ssd1306::Size, unsigned char)
 .text._ZN7Ssd130613setUpsideDownEb
                0x0000090c       0x52 build/ssd1306.o
                0x0000090c                Ssd1306::setUpsideDown(bool)
 .text._ZN7Ssd13069setCursorEhh
                0x0000095e       0x48 build/ssd1306.o
                0x0000095e                Ssd1306::setCursor(unsigned char, unsigned char)
 .text._ZN7Ssd13065printEc
                0x000009a6       0x6c build/ssd1306.o
                0x000009a6                Ssd1306::print(char)
 .text._ZL15ssd1306WriteStdcP6__file
                0x00000a12       0x14 build/ssd1306.o
 .text._ZN7Ssd13065printEPKc
                0x00000a26       0x6a build/ssd1306.o
                0x00000a26                Ssd1306::print(char const*)
 .text._ZN7Ssd13068fillRectEhhhhb
                0x00000a90      0x10e build/ssd1306.o
                0x00000a90                Ssd1306::fillRect(unsigned char, unsigned char, unsigned char, unsigned char, bool)
 .text._ZN3AdcC2Ev
                0x00000b9e       0x28 build/adc.o
                0x00000b9e                Adc::Adc()
                0x00000b9e                Adc::Adc()
 .text._Z41__static_initialization_and_destruction_0v
                0x00000bc6        0xa build/adc.o
 .text._Z29adcConversionCompleteCallbackv
                0x00000bd0        0x2 build/adc.o
                0x00000bd0                adcConversionCompleteCallback()
 .text.__vector_21
                0x00000bd2       0x48 build/adc.o
                0x00000bd2                __vector_21
 .text._GLOBAL__sub_I__ZN3Adc9_instanceE
                0x00000c1a        0x6 build/adc.o
 .text._ZN7GpioBusC2Ev
                0x00000c20       0x22 build/gpioBus.o
                0x00000c20                GpioBus::GpioBus()
                0x00000c20                GpioBus::GpioBus()
 .text._ZN7GpioBusD2Ev
                0x00000c42        0x2 build/gpioBus.o
                0x00000c42                GpioBus::~GpioBus()
                0x00000c42                GpioBus::~GpioBus()
 .text._ZN7GpioBus4initEPVh8PinIndexh
                0x00000c44       0xce build/gpioBus.o
                0x00000c44                GpioBus::init(unsigned char volatile*, PinIndex, unsigned char)
 .text._ZN7GpioBus7setModeE7PinMode
                0x00000d12       0x70 build/gpioBus.o
                0x00000d12                GpioBus::setMode(PinMode)
 .text._ZN7GpioPinC2Ev
                0x00000d82       0x1c build/gpioPin.o
                0x00000d82                GpioPin::GpioPin()
                0x00000d82                GpioPin::GpioPin()
 .text._ZN7GpioPinD2Ev
                0x00000d9e        0x2 build/gpioPin.o
                0x00000d9e                GpioPin::~GpioPin()
                0x00000d9e                GpioPin::~GpioPin()
 .text._ZN7GpioPin4initEPVh8PinIndex
                0x00000da0       0x64 build/gpioPin.o
                0x00000da0                GpioPin::init(unsigned char volatile*, PinIndex)
 .text._ZN7GpioPin7setModeE7PinMode
                0x00000e04       0x6e build/gpioPin.o
                0x00000e04                GpioPin::setMode(PinMode)
 .text._ZN4Int0C2Ev
                0x00000e72       0x10 build/int0.o
                0x00000e72                Int0::Int0()
                0x00000e72                Int0::Int0()
 .text._Z41__static_initialization_and_destruction_0v
                0x00000e82        0xa build/int0.o
 .text._Z21int0InterruptCallbackv
                0x00000e8c        0x2 build/int0.o
                0x00000e8c                int0InterruptCallback()
 .text.__vector_1
                0x00000e8e       0x48 build/int0.o
                0x00000e8e                __vector_1
 .text._GLOBAL__sub_I__ZN4Int09_instanceE
                0x00000ed6        0x6 build/int0.o
 .text._ZN4Int1C2Ev
                0x00000edc       0x10 build/int1.o
                0x00000edc                Int1::Int1()
                0x00000edc                Int1::Int1()
 .text._Z41__static_initialization_and_destruction_0v
                0x00000eec        0xa build/int1.o
 .text._Z21int1InterruptCallbackv
                0x00000ef6        0x2 build/int1.o
                0x00000ef6                int1InterruptCallback()
 .text.__vector_2
                0x00000ef8       0x48 build/int1.o
                0x00000ef8                __vector_2
 .text._GLOBAL__sub_I__ZN4Int19_instanceE
                0x00000f40        0x6 build/int1.o
 .text._ZN6Pcint0C2Ev
                0x00000f46       0x10 build/pcint0.o
                0x00000f46                Pcint0::Pcint0()
                0x00000f46                Pcint0::Pcint0()
 .text._Z41__static_initialization_and_destruction_0v
                0x00000f56        0xa build/pcint0.o
 .text._Z23pcint0InterruptCallbackv
                0x00000f60        0x2 build/pcint0.o
                0x00000f60                pcint0InterruptCallback()
 .text.__vector_3
                0x00000f62       0x48 build/pcint0.o
                0x00000f62                __vector_3
 .text._GLOBAL__sub_I__ZN6Pcint09_instanceE
                0x00000faa        0x6 build/pcint0.o
 .text._ZN6Pcint1C2Ev
                0x00000fb0       0x10 build/pcint1.o
                0x00000fb0                Pcint1::Pcint1()
                0x00000fb0                Pcint1::Pcint1()
 .text._Z41__static_initialization_and_destruction_0v
                0x00000fc0        0xa build/pcint1.o
 .text._ZN6Pcint14initENS_3PinE
                0x00000fca       0x1e build/pcint1.o
                0x00000fca                Pcint1::init(Pcint1::Pin)
 .text._ZN6Pcint110setPinModeENS_3PinE7PinMode
                0x00000fe8       0x62 build/pcint1.o
                0x00000fe8                Pcint1::setPinMode(Pcint1::Pin, PinMode)
 .text.__vector_4
                0x0000104a       0x48 build/pcint1.o
                0x0000104a                __vector_4
 .text._GLOBAL__sub_I__ZN6Pcint19_instanceE
                0x00001092        0x6 build/pcint1.o
 .text._ZN6Pcint2C2Ev
                0x00001098       0x10 build/pcint2.o
                0x00001098                Pcint2::Pcint2()
                0x00001098                Pcint2::Pcint2()
 .text._Z41__static_initialization_and_destruction_0v
                0x000010a8        0xa build/pcint2.o
 .text._Z23pcint2InterruptCallbackv
                0x000010b2        0x2 build/pcint2.o
                0x000010b2                pcint2InterruptCallback()
 .text.__vector_5
                0x000010b4       0x48 build/pcint2.o
                0x000010b4                __vector_5
 .text._GLOBAL__sub_I__ZN6Pcint29_instanceE
                0x000010fc        0x6 build/pcint2.o
 .text._ZN6Timer0C2Ev
                0x00001102       0x12 build/timer0.o
                0x00001102                Timer0::Timer0()
                0x00001102                Timer0::Timer0()
 .text._Z41__static_initialization_and_destruction_0v
                0x00001114        0xa build/timer0.o
 .text._ZN6Timer04initENS_4ModeENS_11ClockSourceE
                0x0000111e       0x38 build/timer0.o
                0x0000111e                Timer0::init(Timer0::Mode, Timer0::ClockSource)
 .text._Z22timer0CompareBCallbackv
                0x00001156        0x2 build/timer0.o
                0x00001156                timer0CompareBCallback()
 .text._Z22timer0OverflowCallbackv
                0x00001158        0x2 build/timer0.o
                0x00001158                timer0OverflowCallback()
 .text.__vector_14
                0x0000115a       0x48 build/timer0.o
                0x0000115a                __vector_14
 .text.__vector_15
                0x000011a2       0x48 build/timer0.o
                0x000011a2                __vector_15
 .text.__vector_16
                0x000011ea       0x48 build/timer0.o
                0x000011ea                __vector_16
 .text._GLOBAL__sub_I__ZN6Timer09_instanceE
                0x00001232        0x6 build/timer0.o
 .text._ZN6Timer1C2Ev
                0x00001238       0x12 build/timer1.o
                0x00001238                Timer1::Timer1()
                0x00001238                Timer1::Timer1()
 .text._Z41__static_initialization_and_destruction_0v
                0x0000124a        0xa build/timer1.o
 .text._ZN6Timer14initENS_4ModeENS_11ClockSourceE
                0x00001254       0x48 build/timer1.o
                0x00001254                Timer1::init(Timer1::Mode, Timer1::ClockSource)
 .text._Z22timer1CompareACallbackv
                0x0000129c        0x2 build/timer1.o
                0x0000129c                timer1CompareACallback()
 .text._Z22timer1CompareBCallbackv
                0x0000129e        0x2 build/timer1.o
                0x0000129e                timer1CompareBCallback()
 .text._Z26timer1InputCaptureCallbackv
                0x000012a0        0x2 build/timer1.o
                0x000012a0                timer1InputCaptureCallback()
 .text.__vector_10
                0x000012a2       0x48 build/timer1.o
                0x000012a2                __vector_10
 .text.__vector_11
                0x000012ea       0x48 build/timer1.o
                0x000012ea                __vector_11
 .text.__vector_12
                0x00001332       0x48 build/timer1.o
                0x00001332                __vector_12
 .text.__vector_13
                0x0000137a       0x48 build/timer1.o
                0x0000137a                __vector_13
 .text._GLOBAL__sub_I__ZN6Timer19_instanceE
                0x000013c2        0x6 build/timer1.o
 .text._ZN6Timer2C2Ev
                0x000013c8       0x12 build/timer2.o
                0x000013c8                Timer2::Timer2()
                0x000013c8                Timer2::Timer2()
 .text._Z41__static_initialization_and_destruction_0v
                0x000013da        0xa build/timer2.o
 .text._Z22timer2CompareACallbackv
                0x000013e4        0x2 build/timer2.o
                0x000013e4                timer2CompareACallback()
 .text._Z22timer2CompareBCallbackv
                0x000013e6        0x2 build/timer2.o
                0x000013e6                timer2CompareBCallback()
 .text._Z22timer2OverflowCallbackv
                0x000013e8        0x2 build/timer2.o
                0x000013e8                timer2OverflowCallback()
 .text.__vector_7
                0x000013ea       0x48 build/timer2.o
                0x000013ea                __vector_7
 .text.__vector_8
                0x00001432       0x48 build/timer2.o
                0x00001432                __vector_8
 .text.__vector_9
                0x0000147a       0x48 build/timer2.o
                0x0000147a                __vector_9
 .text._GLOBAL__sub_I__ZN6Timer29_instanceE
                0x000014c2        0x6 build/timer2.o
 .text._ZN3Bus7readRegEhPhj
                0x000014c8        0xe build/twi.o
                0x000014c8                Bus::readReg(unsigned char, unsigned char*, unsigned int)
 .text._ZN3Bus8sendDataEPhj
                0x000014d6        0xe build/twi.o
                0x000014d6                Bus::sendData(unsigned char*, unsigned int)
 .text._ZN3Bus8sendDataEPKhPhj
                0x000014e4        0xe build/twi.o
                0x000014e4                Bus::sendData(unsigned char const*, unsigned char*, unsigned int)
 .text._ZN3Bus8writeRegEhPKhj
                0x000014f2        0xe build/twi.o
                0x000014f2                Bus::writeReg(unsigned char, unsigned char const*, unsigned int)
 .text._ZN3Bus9setDeviceEjb
                0x00001500        0xe build/twi.o
                0x00001500                Bus::setDevice(unsigned int, bool)
 .text._ZN3Bus9setDeviceEPFvvES1_
                0x0000150e        0xe build/twi.o
                0x0000150e                Bus::setDevice(void (*)(), void (*)())
 .text._ZN3Bus10getBusTypeEv
                0x0000151c        0x6 build/twi.o
                0x0000151c                Bus::getBusType()
 .text._ZN3Bus12getLastErrorEv
                0x00001522        0x8 build/twi.o
                0x00001522                Bus::getLastError()
 .text._ZN3Twi9setDeviceEjb
                0x0000152a       0x42 build/twi.o
                0x0000152a                Twi::setDevice(unsigned int, bool)
 .text._ZN3Twi10getBusTypeEv
                0x0000156c        0x6 build/twi.o
                0x0000156c                Twi::getBusType()
 .text._ZN3Twi12getLastErrorEv
                0x00001572        0x8 build/twi.o
                0x00001572                Twi::getLastError()
 .text._ZN3TwiC2Ev
                0x0000157a       0x68 build/twi.o
                0x0000157a                Twi::Twi()
                0x0000157a                Twi::Twi()
 .text._Z41__static_initialization_and_destruction_0v
                0x000015e2        0xa build/twi.o
 .text._ZN3TwiD2Ev
                0x000015ec        0xc build/twi.o
                0x000015ec                Twi::~Twi()
                0x000015ec                Twi::~Twi()
 .text._Z41__static_initialization_and_destruction_1v
                0x000015f8        0xa build/twi.o
 .text._ZN3Twi4initEmh
                0x00001602      0x210 build/twi.o
                0x00001602                Twi::init(unsigned long, unsigned char)
 .text._ZN3Twi16_waitWhileIsBusyEv
                0x00001812       0xaa build/twi.o
                0x00001812                Twi::_waitWhileIsBusy()
 .text._ZN3Twi18_startTransmissionEv
                0x000018bc       0x1e build/twi.o
                0x000018bc                Twi::_startTransmission()
 .text._ZN3Twi15_readFromBufferEPhh
                0x000018da       0x4a build/twi.o
                0x000018da                Twi::_readFromBuffer(unsigned char*, unsigned char)
 .text._ZN3Twi8sendDataEhNS_9OperationEhPhh
                0x00001924      0x154 build/twi.o
                0x00001924                Twi::sendData(unsigned char, Twi::Operation, unsigned char, unsigned char*, unsigned char)
 .text._ZN3Twi7readRegEhPhj
                0x00001a78       0x64 build/twi.o
                0x00001a78                Twi::readReg(unsigned char, unsigned char*, unsigned int)
 .text._ZN3Twi8writeRegEhPKhj
                0x00001adc       0x64 build/twi.o
                0x00001adc                Twi::writeReg(unsigned char, unsigned char const*, unsigned int)
 .text._ZN3Twi16interruptHandlerEv
                0x00001b40       0xfc build/twi.o
                0x00001b40                Twi::interruptHandler()
 .text.__vector_24
                0x00001c3c       0x4c build/twi.o
                0x00001c3c                __vector_24
 .text._GLOBAL__sub_I_twi
                0x00001c88        0x6 build/twi.o
 .text._GLOBAL__sub_D_twi
                0x00001c8e        0x6 build/twi.o
 .text._ZN6Usart04initEv
                0x00001c94      0x1be build/usart0.o
                0x00001c94                Usart0::init()
 .text._ZN6Usart07setModeENS_4ModeE
                0x00001e52       0x22 build/usart0.o
                0x00001e52                Usart0::setMode(Usart0::Mode)
 .text._ZN6Usart011setBaudRateENS_8BaudRateE
                0x00001e74      0x102 build/usart0.o
                0x00001e74                Usart0::setBaudRate(Usart0::BaudRate)
 .text._ZN6Usart014setFrameFormatENS_11FrameFormatE
                0x00001f76       0xe4 build/usart0.o
                0x00001f76                Usart0::setFrameFormat(Usart0::FrameFormat)
 .text._ZN6Usart0C2ENS_8BaudRateENS_4ModeENS_11FrameFormatE
                0x0000205a       0x54 build/usart0.o
                0x0000205a                Usart0::Usart0(Usart0::BaudRate, Usart0::Mode, Usart0::FrameFormat)
                0x0000205a                Usart0::Usart0(Usart0::BaudRate, Usart0::Mode, Usart0::FrameFormat)
 .text._Z41__static_initialization_and_destruction_0v
                0x000020ae       0x1a build/usart0.o
 .text._ZN6Usart011sendDataStdEcP6__file
                0x000020c8       0x12 build/usart0.o
                0x000020c8                Usart0::sendDataStd(char, __file*)
 .text._Z23usartTransmitStdWrappercP6__file
                0x000020da       0x12 build/usart0.o
                0x000020da                usartTransmitStdWrapper(char, __file*)
 .text._Z30usartReceptionCompleteCallbackv
                0x000020ec        0x2 build/usart0.o
                0x000020ec                usartReceptionCompleteCallback()
 .text._Z36usartTransmissionBufferEmptyCallbackv
                0x000020ee        0x2 build/usart0.o
                0x000020ee                usartTransmissionBufferEmptyCallback()
 .text._Z33usartTransmissionCompleteCallbackv
                0x000020f0        0x2 build/usart0.o
                0x000020f0                usartTransmissionCompleteCallback()
 .text.__vector_18
                0x000020f2       0x48 build/usart0.o
                0x000020f2                __vector_18
 .text.__vector_20
                0x0000213a       0x48 build/usart0.o
                0x0000213a                __vector_20
 .text.__vector_19
                0x00002182       0x48 build/usart0.o
                0x00002182                __vector_19
 .text._GLOBAL__sub_I_usartDefaultHandler
                0x000021ca        0x6 build/usart0.o
 .text._ZN5DebugC2Ev
                0x000021d0       0x3a build/debug.o
                0x000021d0                Debug::Debug()
                0x000021d0                Debug::Debug()
 .text._Z41__static_initialization_and_destruction_0v
                0x0000220a        0xa build/debug.o
 .text._GLOBAL__sub_I_debug
                0x00002214        0x6 build/debug.o
 .text._ZN12SystemStatusC2Em
                0x0000221a       0x62 build/systemStatus.o
                0x0000221a                SystemStatus::SystemStatus(unsigned long)
                0x0000221a                SystemStatus::SystemStatus(unsigned long)
 .text._Z41__static_initialization_and_destruction_0v
                0x0000227c       0x12 build/systemStatus.o
 .text._ZN12SystemStatus11getCpuClockEPm
                0x0000228e       0x32 build/systemStatus.o
                0x0000228e                SystemStatus::getCpuClock(unsigned long*)
 .text._GLOBAL__sub_I_systemStatus
                0x000022c0        0x6 build/systemStatus.o
 .text._Z41__static_initialization_and_destruction_0v
                0x000022c6       0x22 build/main.o
 .text._Z41__static_initialization_and_destruction_1v
                0x000022e8       0x22 build/main.o
 .text._Z13spi_writeReadh
                0x0000230a        0xc build/main.o
                0x0000230a                spi_writeRead(unsigned char)
 .text._Z18transcieve_packetsPhS_j
                0x00002316       0x74 build/main.o
                0x00002316                transcieve_packets(unsigned char*, unsigned char*, unsigned int)
 .text._Z13format_packetjjhi7OP_MODEPh
                0x0000238a       0x3c build/main.o
                0x0000238a                format_packet(unsigned int, unsigned int, unsigned char, int, OP_MODE, unsigned char*)
 .text._Z16convert_recievedPlS_S_PiP8BT_STATEPh
                0x000023c6      0x13a build/main.o
                0x000023c6                convert_recieved(long*, long*, long*, int*, BT_STATE*, unsigned char*)
 .text._Z22timer1OverflowCallbackv
                0x00002500       0x28 build/main.o
                0x00002500                timer1OverflowCallback()
 .text._Z6microsv
                0x00002528       0x62 build/main.o
                0x00002528                micros()
 .text._Z10get_millisv
                0x0000258a       0x68 build/main.o
                0x0000258a                get_millis()
 .text.main     0x000025f2      0x936 build/main.o
                0x000025f2                main
 .text._Z23pcint1InterruptCallbackv
                0x00002f28       0x8a build/main.o
                0x00002f28                pcint1InterruptCallback()
 .text._Z22timer0CompareACallbackv
                0x00002fb2       0x52 build/main.o
                0x00002fb2                timer0CompareACallback()
 .text._GLOBAL__sub_I_led
                0x00003004        0x6 build/main.o
 .text._GLOBAL__sub_D_led
                0x0000300a        0x6 build/main.o
 .text.libgcc.mul
                0x00003010       0x1e /usr/lib/gcc/avr/16.1.0/avr5/libgcc.a(_umulhisi3.o)
                0x00003010                __umulhisi3
 .text.libgcc.div
                0x0000302e       0x28 /usr/lib/gcc/avr/16.1.0/avr5/libgcc.a(_divmodhi4.o)
                0x0000302e                __divmodhi4
                0x0000302e                _div
 .text.libgcc.div
                0x00003056       0x44 /usr/lib/gcc/avr/16.1.0/avr5/libgcc.a(_udivmodsi4.o)
                0x00003056                __udivmodsi4
 .text.libgcc.div
                0x0000309a       0x2e /usr/lib/gcc/avr/16.1.0/avr5/libgcc.a(_divmodsi4.o)
                0x0000309a                __divmodsi4
 .text.libgcc.div
                0x000030c8       0x10 /usr/lib/gcc/avr/16.1.0/avr5/libgcc.a(_negsi2.o)
                0x000030c8                __negsi2
 .text.libgcc   0x000030d8        0xc /usr/lib/gcc/avr/16.1.0/avr5/libgcc.a(_tablejump2.o)
                0x000030d8                __tablejump2__
 .text.libgcc.mul
                0x000030e4       0x16 /usr/lib/gcc/avr/16.1.0/avr5/libgcc.a(_muluhisi3.o)
                0x000030e4                __muluhisi3
 .text.libgcc.builtins
                0x000030fa       0x3a /usr/lib/gcc/avr/16.1.0/avr5/libgcc.a(_ashrdi3.o)
                0x000030fa                __ashrdi3
                0x000030fe                __lshrdi3
 .text.libgcc.div
                0x00003134       0x28 /usr/lib/gcc/avr/16.1.0/avr5/libgcc.a(_udivmodhi4.o)
                0x00003134                __udivmodhi4
 .text.avr-libc.fplib
                0x0000315c        0xe /usr/lib/gcc/avr/16.1.0/../../../../avr/lib/avr5/libm.a(addsf3.o)
                0x0000315c                __subsf3
                0x0000315e                __addsf3
 .text.avr-libc.fplib
                0x0000316a       0xcc /usr/lib/gcc/avr/16.1.0/../../../../avr/lib/avr5/libm.a(addsf3x.o)
                0x0000318c                __addsf3x
 .text.avr-libc.fplib
                0x00003236        0xa /usr/lib/gcc/avr/16.1.0/../../../../avr/lib/avr5/libm.a(cmpsf2.o)
                0x00003236                __lesf2
                0x00003236                __nesf2
                0x00003236                __eqsf2
                0x00003236                __cmpsf2
                0x00003236                __ltsf2
 .text.avr-libc.fplib
                0x00003240        0x8 /usr/lib/gcc/avr/16.1.0/../../../../avr/lib/avr5/libm.a(divsf3.o)
                0x00003240                __divsf3
 .text.avr-libc.fplib
                0x00003248       0xdc /usr/lib/gcc/avr/16.1.0/../../../../avr/lib/avr5/libm.a(divsf3x.o)
                0x00003268                __divsf3x
                0x0000326e                __divsf3_pse
 .text.avr-libc.fplib
                0x00003324        0xe /usr/lib/gcc/avr/16.1.0/../../../../avr/lib/avr5/libm.a(fixsfsi.o)
                0x00003324                __fixsfsi
 .text.avr-libc.fplib
                0x00003332       0x52 /usr/lib/gcc/avr/16.1.0/../../../../avr/lib/avr5/libm.a(fixunssfsi.o)
                0x00003332                __fixunssfsi
 .text.avr-libc.fplib
                0x00003384       0x70 /usr/lib/gcc/avr/16.1.0/../../../../avr/lib/avr5/libm.a(floatsisf.o)
                0x00003384                __floatunsisf
                0x00003388                __floatsisf
 .text.avr-libc.fplib
                0x000033f4       0x48 /usr/lib/gcc/avr/16.1.0/../../../../avr/lib/avr5/libm.a(fp_cmp.o)
                0x000033f4                __fp_cmp
 .text.avr-libc.fplib
                0x0000343c        0xc /usr/lib/gcc/avr/16.1.0/../../../../avr/lib/avr5/libm.a(fp_inf.o)
                0x0000343c                __fp_inf
 .text.avr-libc.fplib
                0x00003448        0x6 /usr/lib/gcc/avr/16.1.0/../../../../avr/lib/avr5/libm.a(fp_nan.o)
                0x00003448                __fp_nan
 .text.avr-libc.fplib
                0x0000344e        0xe /usr/lib/gcc/avr/16.1.0/../../../../avr/lib/avr5/libm.a(fp_pscA.o)
                0x0000344e                __fp_pscA
 .text.avr-libc.fplib
                0x0000345c        0xe /usr/lib/gcc/avr/16.1.0/../../../../avr/lib/avr5/libm.a(fp_pscB.o)
                0x0000345c                __fp_pscB
 .text.avr-libc.fplib
                0x0000346a       0x22 /usr/lib/gcc/avr/16.1.0/../../../../avr/lib/avr5/libm.a(fp_round.o)
                0x0000346a                __fp_round
 .text.avr-libc.fplib
                0x0000348c       0x44 /usr/lib/gcc/avr/16.1.0/../../../../avr/lib/avr5/libm.a(fp_split3.o)
                0x0000348c                __fp_split3
                0x0000349c                __fp_splitA
 .text.avr-libc.fplib
                0x000034d0        0xe /usr/lib/gcc/avr/16.1.0/../../../../avr/lib/avr5/libm.a(fp_zero.o)
                0x000034d0                __fp_zero
                0x000034d2                __fp_szero
 .text.avr-libc.fplib
                0x000034de        0xa /usr/lib/gcc/avr/16.1.0/../../../../avr/lib/avr5/libm.a(gesf2.o)
                0x000034de                __gtsf2
                0x000034de                __gesf2
 .text.avr-libc.fplib
                0x000034e8        0x8 /usr/lib/gcc/avr/16.1.0/../../../../avr/lib/avr5/libm.a(mulsf3.o)
                0x000034e8                __mulsf3
 .text.avr-libc.fplib
                0x000034f0       0xd2 /usr/lib/gcc/avr/16.1.0/../../../../avr/lib/avr5/libm.a(mulsf3x.o)
                0x0000350e                __mulsf3x
                0x00003514                __mulsf3_pse
 .text.avr-libc
                0x000035c2       0x4c /usr/lib/gcc/avr/16.1.0/../../../../avr/lib/avr5/libc.a(calloc.o)
                0x000035c2                calloc
 .text.avr-libc
                0x0000360e      0x230 /usr/lib/gcc/avr/16.1.0/../../../../avr/lib/avr5/libc.a(malloc.o)
                0x0000360e                malloc
                0x00003732                free
 .text.avr-libc
                0x0000383e        0xe /usr/lib/gcc/avr/16.1.0/../../../../avr/lib/avr5/libc.a(memset.o)
                0x0000383e                memset
 .text.avr-libc
                0x0000384c       0x2c /usr/lib/gcc/avr/16.1.0/../../../../avr/lib/avr5/libc.a(printf.o)
                0x0000384c                printf
 .text.avr-libc
                0x00003878       0x58 /usr/lib/gcc/avr/16.1.0/../../../../avr/lib/avr5/libc.a(puts.o)
                0x00003878                puts
 .text.avr-libc
                0x000038d0       0x48 /usr/lib/gcc/avr/16.1.0/../../../../avr/lib/avr5/libc.a(sprintf_p.o)
                0x000038d0                sprintf_P
 .text.vfprintf
                0x00003918      0x3e2 /usr/lib/gcc/avr/16.1.0/../../../../avr/lib/avr5/libc.a(vfprintf_std.o)
                0x00003918                vfprintf
 .text.avr-libc
                0x00003cfa       0x16 /usr/lib/gcc/avr/16.1.0/../../../../avr/lib/avr5/libc.a(strnlen_P.o)
                0x00003cfa                strnlen_P
 .text.avr-libc
                0x00003d10       0x16 /usr/lib/gcc/avr/16.1.0/../../../../avr/lib/avr5/libc.a(strnlen.o)
                0x00003d10                strnlen
 .text.avr-libc
                0x00003d26       0x60 /usr/lib/gcc/avr/16.1.0/../../../../avr/lib/avr5/libc.a(fputc.o)
                0x00003d26                fputc
 .text.avr-libc
                0x00003d86       0xbc /usr/lib/gcc/avr/16.1.0/../../../../avr/lib/avr5/libc.a(ultoa_invert.o)
                0x00003d86                __ultoa_invert
 .text.libgcc.prologue
                0x00003e42       0x38 /usr/lib/gcc/avr/16.1.0/avr5/libgcc.a(_prologue.o)
                0x00003e42                __prologue_saves__
 .text.libgcc.prologue
                0x00003e7a       0x36 /usr/lib/gcc/avr/16.1.0/avr5/libgcc.a(_epilogue.o)
                0x00003e7a                __epilogue_restores__
                0x00003eb0                        . = ALIGN (0x2)
 *(.fini9)
 .fini9         0x00003eb0        0x0 /usr/lib/gcc/avr/16.1.0/avr5/libgcc.a(_exit.o)
                0x00003eb0                exit
                0x00003eb0                _exit
 *(.fini9)
 *(.fini8)
 *(.fini8)
 *(.fini7)
 *(.fini7)
 *(.fini6)
 .fini6         0x00003eb0       0x16 /usr/lib/gcc/avr/16.1.0/avr5/libgcc.a(_dtors.o)
                0x00003eb0                __do_global_dtors
 *(.fini6)
 *(.fini5)
 *(.fini5)
 *(.fini4)
 *(.fini4)
 *(.fini3)
 *(.fini3)
 *(.fini2)
 *(.fini2)
 *(.fini1)
 *(.fini1)
 *(.fini0)
 .fini0         0x00003ec6        0x4 /usr/lib/gcc/avr/16.1.0/avr5/libgcc.a(_exit.o)
 *(.fini0)
 *(.hightext)
 *(.hightext*)
 *(.progmemx)
 *(.progmemx.*)
                0x00003eca                        . = ALIGN (0x2)
 *(.jumptables)
 *(.jumptables*)
 .jumptables.gcc._ZN6Usart04initEv
                0x00003eca       0x10 build/usart0.o
 .jumptables.gcc._ZN6Usart014setFrameFormatENS_11FrameFormatE
                0x00003eda       0x94 build/usart0.o
                0x00003f6e                        _etext = .

.data           0x00800100       0x9e load address 0x00003f6e
                0x00800100                        PROVIDE (__data_start = .)
 *(.data)
 .data          0x00800100        0x6 /usr/lib/gcc/avr/16.1.0/../../../../avr/lib/avr5/libc.a(malloc.o)
                0x00800100                __malloc_heap_end
                0x00800102                __malloc_heap_start
                0x00800104                __malloc_margin
 *(.data*)
 *(.gnu.linkonce.d*)
 *(.rodata)
 *(.rodata*)
 .rodata._ZTV3Bus
                0x00800106       0x14 build/twi.o
                0x00800106                vtable for Bus
 .rodata._ZTV3Twi
                0x0080011a       0x14 build/twi.o
                0x0080011a                vtable for Twi
 .rodata.main.str1.1
                0x0080012e       0x6f build/main.o
 *(.gnu.linkonce.r*)
                0x0080019e                        . = ALIGN (0x2)
 *fill*         0x0080019d        0x1 
                0x0080019e                        _edata = .
                0x0080019e                        PROVIDE (__data_end = .)

.bss            0x0080019e       0xf5
                0x0080019e                        PROVIDE (__bss_start = .)
 *(.bss)
 .bss           0x0080019e        0x4 /usr/lib/gcc/avr/16.1.0/../../../../avr/lib/avr5/libc.a(malloc.o)
                0x0080019e                __flp
                0x008001a0                __brkval
 .bss           0x008001a2        0x6 /usr/lib/gcc/avr/16.1.0/../../../../avr/lib/avr5/libc.a(iob.o)
                0x008001a2                __iob
 *(.bss*)
 .bss.defaultSsd1306Display
                0x008001a8        0x2 build/ssd1306.o
                0x008001a8                defaultSsd1306Display
 .bss.ssd1306Stream
                0x008001aa        0xe build/ssd1306.o
                0x008001aa                ssd1306Stream
 .bss._ZN3Adc9_instanceE
                0x008001b8        0xa build/adc.o
                0x008001b8                Adc::_instance
 .bss._ZN4Int09_instanceE
                0x008001c2        0x4 build/int0.o
                0x008001c2                Int0::_instance
 .bss._ZN4Int19_instanceE
                0x008001c6        0x4 build/int1.o
                0x008001c6                Int1::_instance
 .bss._ZN6Pcint09_instanceE
                0x008001ca        0x4 build/pcint0.o
                0x008001ca                Pcint0::_instance
 .bss._ZN6Pcint19_instanceE
                0x008001ce        0x4 build/pcint1.o
                0x008001ce                Pcint1::_instance
 .bss._ZN6Pcint29_instanceE
                0x008001d2        0x4 build/pcint2.o
                0x008001d2                Pcint2::_instance
 .bss._ZN6Timer09_instanceE
                0x008001d6        0x5 build/timer0.o
                0x008001d6                Timer0::_instance
 .bss._ZN6Timer19_instanceE
                0x008001db        0x5 build/timer1.o
                0x008001db                Timer1::_instance
 .bss._ZN6Timer29_instanceE
                0x008001e0        0x5 build/timer2.o
                0x008001e0                Timer2::_instance
 .bss._ZZN3Twi16interruptHandlerEvE16twiBufferPointer
                0x008001e5        0x1 build/twi.o
 .bss.twi       0x008001e6       0x13 build/twi.o
                0x008001e6                twi
 .bss.usartStream
                0x008001f9        0xe build/usart0.o
                0x008001f9                usartStream
 .bss.usart0    0x00800207        0xc build/usart0.o
                0x00800207                usart0
 .bss.usartDefaultHandler
                0x00800213        0x2 build/usart0.o
                0x00800213                usartDefaultHandler
 .bss.debug     0x00800215       0x25 build/debug.o
                0x00800215                debug
 .bss.systemStatus
                0x0080023a       0x16 build/systemStatus.o
                0x0080023a                systemStatus
 .bss._ZZ22timer0CompareACallbackvE21counter_clear_display
                0x00800250        0x1 build/main.o
 .bss._ZZ22timer0CompareACallbackvE15counter_display
                0x00800251        0x1 build/main.o
 .bss._ZZ22timer0CompareACallbackvE11counter_spi
                0x00800252        0x1 build/main.o
 .bss.current_state
                0x00800253        0x2 build/main.o
                0x00800253                current_state
 .bss.spi_flag  0x00800255        0x1 build/main.o
                0x00800255                spi_flag
 .bss.debounced_buttons
                0x00800256        0x1 build/main.o
                0x00800256                debounced_buttons
 .bss.button_last_changed
                0x00800257        0xc build/main.o
                0x00800257                button_last_changed
 .bss.button_pending_change
                0x00800263        0x1 build/main.o
                0x00800263                button_pending_change
 .bss.timer1_overflows
                0x00800264        0x4 build/main.o
                0x00800264                timer1_overflows
 .bss.clear_display_flag
                0x00800268        0x1 build/main.o
                0x00800268                clear_display_flag
 .bss.update_display_flag
                0x00800269        0x1 build/main.o
                0x00800269                update_display_flag
 .bss.display   0x0080026a        0xa build/main.o
                0x0080026a                display
 .bss.slave_select_esp
                0x00800274        0xa build/main.o
                0x00800274                slave_select_esp
 .bss.buttons   0x0080027e        0xb build/main.o
                0x0080027e                buttons
 .bss.led       0x00800289        0xa build/main.o
                0x00800289                led
 *(COMMON)
                0x00800293                        PROVIDE (__bss_end = .)
                0x00003f6e                        __data_load_start = LOADADDR (.data)
                0x0000400c                        __data_load_end = (__data_load_start + SIZEOF (.data))

.noinit         0x00800293        0x0
                [!provide]                        PROVIDE (__noinit_start = .)
 *(.noinit .noinit.* .gnu.linkonce.n.*)
                [!provide]                        PROVIDE (__noinit_end = .)
                0x00800293                        _end = .
                0x00800293                        PROVIDE (__heap_start = .)
                0x00000000                        __flmap_init_label = DEFINED (__flmap_noinit_start)?__flmap_noinit_start:0x0
                0x00000000                        __flmap = DEFINED (__flmap)?__flmap:0x0

.eeprom         0x00810000        0x0
 *(.eeprom*)
                0x00810000                        __eeprom_end = .

.fuse
 *(.fuse)
 *(.lfuse)
 *(.hfuse)
 *(.efuse)

.lock
 *(.lock*)

.signature
 *(.signature*)

.stab
 *(.stab)

.stabstr
 *(.stabstr)

.stab.excl
 *(.stab.excl)

.stab.exclstr
 *(.stab.exclstr)

.stab.index
 *(.stab.index)

.stab.indexstr
 *(.stab.indexstr)

.comment        0x00000000       0x24
 *(.comment)
 .comment       0x00000000       0x24 build/ssd1306.o
                                 0x13 (size before relaxing)
 .comment       0x00000024        0x0 build/adc.o
                                 0x13 (size before relaxing)
 .comment       0x00000024        0x0 build/gpioBus.o
                                 0x13 (size before relaxing)
 .comment       0x00000024        0x0 build/gpioPin.o
                                 0x13 (size before relaxing)
 .comment       0x00000024        0x0 build/int0.o
                                 0x13 (size before relaxing)
 .comment       0x00000024        0x0 build/int1.o
                                 0x13 (size before relaxing)
 .comment       0x00000024        0x0 build/pcint0.o
                                 0x13 (size before relaxing)
 .comment       0x00000024        0x0 build/pcint1.o
                                 0x13 (size before relaxing)
 .comment       0x00000024        0x0 build/pcint2.o
                                 0x13 (size before relaxing)
 .comment       0x00000024        0x0 build/timer0.o
                                 0x13 (size before relaxing)
 .comment       0x00000024        0x0 build/timer1.o
                                 0x13 (size before relaxing)
 .comment       0x00000024        0x0 build/timer2.o
                                 0x13 (size before relaxing)
 .comment       0x00000024        0x0 build/twi.o
                                 0x13 (size before relaxing)
 .comment       0x00000024        0x0 build/usart0.o
                                 0x13 (size before relaxing)
 .comment       0x00000024        0x0 build/debug.o
                                 0x13 (size before relaxing)
 .comment       0x00000024        0x0 build/systemStatus.o
                                 0x13 (size before relaxing)
 .comment       0x00000024        0x0 build/main.o
                                 0x13 (size before relaxing)
 .comment       0x00000024        0x0 /usr/lib/gcc/avr/16.1.0/../../../../avr/lib/avr5/libc.a(calloc.o)
                                 0x13 (size before relaxing)
 .comment       0x00000024        0x0 /usr/lib/gcc/avr/16.1.0/../../../../avr/lib/avr5/libc.a(malloc.o)
                                 0x13 (size before relaxing)
 .comment       0x00000024        0x0 /usr/lib/gcc/avr/16.1.0/../../../../avr/lib/avr5/libc.a(iob.o)
                                 0x13 (size before relaxing)
 .comment       0x00000024        0x0 /usr/lib/gcc/avr/16.1.0/../../../../avr/lib/avr5/libc.a(printf.o)
                                 0x13 (size before relaxing)
 .comment       0x00000024        0x0 /usr/lib/gcc/avr/16.1.0/../../../../avr/lib/avr5/libc.a(puts.o)
                                 0x13 (size before relaxing)
 .comment       0x00000024        0x0 /usr/lib/gcc/avr/16.1.0/../../../../avr/lib/avr5/libc.a(sprintf_p.o)
                                 0x13 (size before relaxing)
 .comment       0x00000024        0x0 /usr/lib/gcc/avr/16.1.0/../../../../avr/lib/avr5/libc.a(vfprintf_std.o)
                                 0x13 (size before relaxing)
 .comment       0x00000024        0x0 /usr/lib/gcc/avr/16.1.0/../../../../avr/lib/avr5/libc.a(fputc.o)
                                 0x13 (size before relaxing)

.note.gnu.avr.deviceinfo
                0x00000000       0x40
 .note.gnu.avr.deviceinfo
                0x00000000       0x40 /usr/lib/gcc/avr/16.1.0/../../../../avr/lib/avr5/crtatmega328p.o

.gnu.build.attributes
 *(.gnu.build.attributes .gnu.build.attributes.*)

.note.gnu.build-id
 *(.note.gnu.build-id)

.debug
 *(.debug)

.line
 *(.line)

.debug_srcinfo
 *(.debug_srcinfo)

.debug_sfnames
 *(.debug_sfnames)

.debug_aranges
 *(.debug_aranges)

.debug_pubnames
 *(.debug_pubnames)

.debug_info
 *(.debug_info .gnu.linkonce.wi.*)

.debug_abbrev
 *(.debug_abbrev)

.debug_line
 *(.debug_line .debug_line.* .debug_line_end)

.debug_frame
 *(.debug_frame)

.debug_str
 *(.debug_str)

.debug_loc
 *(.debug_loc)

.debug_macinfo
 *(.debug_macinfo)

.debug_weaknames
 *(.debug_weaknames)

.debug_funcnames
 *(.debug_funcnames)

.debug_typenames
 *(.debug_typenames)

.debug_varnames
 *(.debug_varnames)

.debug_pubtypes
 *(.debug_pubtypes)

.debug_ranges
 *(.debug_ranges)

.debug_addr
 *(.debug_addr)

.debug_line_str
 *(.debug_line_str)

.debug_loclists
 *(.debug_loclists)

.debug_macro
 *(.debug_macro)

.debug_names
 *(.debug_names)

.debug_rnglists
 *(.debug_rnglists)

.debug_str_offsets
 *(.debug_str_offsets)

.debug_sup
 *(.debug_sup)
OUTPUT(build/application.elf elf32-avr)
LOAD linker stubs

Cross Reference Table

Symbol                                            File
Adc::Adc()                                        build/adc.o
Adc::Adc()                                        build/adc.o
Adc::_instance                                    build/adc.o
Adc::init(Adc::Mode, Adc::Reference, Adc::Prescaler) build/adc.o
Adc::setChannel(Adc::Channel)                     build/adc.o
Adc::setDataPresetation(Adc::DataPresetation)     build/adc.o
Adc::setMode(Adc::Mode)                           build/adc.o
Adc::setPrescaler(Adc::Prescaler)                 build/adc.o
Adc::setReference(Adc::Reference)                 build/adc.o
Adc::startConversion()                            build/adc.o
Adc::waitUntilConversionFinish()                  build/adc.o
Adc::~Adc()                                       build/adc.o
Adc::~Adc()                                       build/adc.o
Bus::getBusType()                                 build/twi.o
Bus::getLastError()                               build/twi.o
Bus::readReg(unsigned char, unsigned char*, unsigned int) build/twi.o
Bus::sendData(unsigned char const*, unsigned char*, unsigned int) build/twi.o
Bus::sendData(unsigned char*, unsigned int)       build/twi.o
Bus::setDevice(unsigned int, bool)                build/twi.o
Bus::setDevice(void (*)(), void (*)())            build/twi.o
Bus::writeReg(unsigned char, unsigned char const*, unsigned int) build/twi.o
DateTime::DateTime()                              build/dateTime.o
DateTime::DateTime()                              build/dateTime.o
                                                  build/ds1307.o
DateTime::_clearData()                            build/dateTime.o
DateTime::_convertTimeFormat(unsigned char*, DateTime::AmPmFlag*, DateTime::TimeFormat, DateTime::TimeFormat) build/dateTime.o
DateTime::_evaluateDayOfWeek()                    build/dateTime.o
DateTime::_isLeapYear(unsigned int)               build/dateTime.o
DateTime::_isValidDate(unsigned int, DateTime::Month, unsigned char) build/dateTime.o
DateTime::_isValidTime(unsigned char, unsigned char, unsigned char, DateTime::TimeFormat) build/dateTime.o
DateTime::getDate(unsigned int*, DateTime::Month*, unsigned char*, DateTime::WeekDay*) build/dateTime.o
                                                  build/ds1307.o
DateTime::getLastError()                          build/dateTime.o
                                                  build/ds1307.o
DateTime::getTime(unsigned char*, unsigned char*, unsigned char*, DateTime::TimeFormat, DateTime::AmPmFlag*) build/dateTime.o
                                                  build/ds1307.o
DateTime::getTime(unsigned char*, unsigned char*, unsigned char*, unsigned int*, DateTime::TimeFormat, DateTime::AmPmFlag*) build/dateTime.o
DateTime::getTimeFormat(DateTime::TimeFormat*)    build/dateTime.o
                                                  build/ds1307.o
DateTime::getTimeZone(DateTime::TimeZone*)        build/dateTime.o
DateTime::getWeekDay(DateTime::WeekDay*)          build/dateTime.o
DateTime::isDateSet()                             build/dateTime.o
                                                  build/ds1307.o
DateTime::isLeapYear()                            build/dateTime.o
DateTime::isTimeSet()                             build/dateTime.o
                                                  build/ds1307.o
DateTime::setDate(unsigned int, DateTime::Month, unsigned char) build/dateTime.o
                                                  build/ds1307.o
DateTime::setTime(unsigned char, unsigned char, unsigned char, DateTime::TimeFormat, DateTime::AmPmFlag) build/dateTime.o
                                                  build/ds1307.o
DateTime::setTime(unsigned char, unsigned char, unsigned char, unsigned int, DateTime::TimeFormat, DateTime::AmPmFlag) build/dateTime.o
DateTime::setTimeFormat(DateTime::TimeFormat)     build/dateTime.o
DateTime::setTimeZone(DateTime::TimeZone)         build/dateTime.o
DateTime::~DateTime()                             build/dateTime.o
DateTime::~DateTime()                             build/dateTime.o
                                                  build/ds1307.o
Debug::Debug()                                    build/debug.o
Debug::Debug()                                    build/debug.o
Debug::init(bool)                                 build/debug.o
Debug::logMark(unsigned char const*, unsigned int, unsigned char const*, Debug::CodeIndex) build/debug.o
Debug::logMessage(Error, unsigned char const*, unsigned int) build/debug.o
Debug::logMessage(Error, unsigned char const*, unsigned int, Debug::CodeIndex) build/debug.o
Debug::printMessage(char const*)                  build/debug.o
Debug::~Debug()                                   build/debug.o
Debug::~Debug()                                   build/debug.o
Ds1307::Ds1307()                                  build/ds1307.o
Ds1307::Ds1307()                                  build/ds1307.o
Ds1307::_clearData()                              build/ds1307.o
Ds1307::_getData()                                build/ds1307.o
Ds1307::_isInitialized()                          build/ds1307.o
Ds1307::_sendData()                               build/ds1307.o
Ds1307::_setCounting(bool)                        build/ds1307.o
Ds1307::clockStart()                              build/ds1307.o
Ds1307::clockStop()                               build/ds1307.o
Ds1307::getDate(unsigned int*, unsigned char*, unsigned char*, unsigned char*) build/ds1307.o
Ds1307::getDateTime(DateTime*)                    build/ds1307.o
Ds1307::getLastError()                            build/ds1307.o
Ds1307::getRamData(unsigned char, unsigned char*, unsigned char) build/ds1307.o
Ds1307::getTime(unsigned char*, unsigned char*, unsigned char*, DateTime::TimeFormat, DateTime::AmPmFlag*) build/ds1307.o
Ds1307::init(Bus*)                                build/ds1307.o
Ds1307::setDate(unsigned int, unsigned char, unsigned char) build/ds1307.o
Ds1307::setDateTime(DateTime)                     build/ds1307.o
Ds1307::setRamData(unsigned char, unsigned char*, unsigned char) build/ds1307.o
Ds1307::setSquareWaveGenerator(Ds1307::SquareWave) build/ds1307.o
Ds1307::setTime(unsigned char, unsigned char, unsigned char, DateTime::TimeFormat, DateTime::AmPmFlag) build/ds1307.o
Ds1307::~Ds1307()                                 build/ds1307.o
Ds1307::~Ds1307()                                 build/ds1307.o
GpioBus::GpioBus()                                build/gpioBus.o
                                                  build/main.o
GpioBus::GpioBus()                                build/gpioBus.o
GpioBus::init(unsigned char volatile*, PinIndex, unsigned char) build/gpioBus.o
                                                  build/main.o
GpioBus::setMode(PinMode)                         build/gpioBus.o
                                                  build/main.o
                                                  build/sevenSegmentsMuxDisplay.o
                                                  build/hd44780.o
GpioBus::write(unsigned char)                     build/gpioBus.o
                                                  build/sevenSegmentsMuxDisplay.o
                                                  build/hd44780.o
GpioBus::~GpioBus()                               build/gpioBus.o
                                                  build/main.o
GpioBus::~GpioBus()                               build/gpioBus.o
GpioPin::GpioPin()                                build/gpioPin.o
                                                  build/main.o
GpioPin::GpioPin()                                build/gpioPin.o
GpioPin::init(unsigned char volatile*, PinIndex)  build/gpioPin.o
                                                  build/main.o
GpioPin::setMode(PinMode)                         build/gpioPin.o
                                                  build/main.o
                                                  build/hd44780.o
GpioPin::~GpioPin()                               build/gpioPin.o
                                                  build/main.o
GpioPin::~GpioPin()                               build/gpioPin.o
Hd44780::Hd44780()                                build/hd44780.o
Hd44780::Hd44780()                                build/hd44780.o
Hd44780::_functionSet8Bits(unsigned char)         build/hd44780.o
Hd44780::_waitUntilReady()                        build/hd44780.o
Hd44780::_writeCharacter(unsigned char, bool)     build/hd44780.o
Hd44780::_writeCommand(unsigned char)             build/hd44780.o
Hd44780::clearScreen()                            build/hd44780.o
Hd44780::cursorGoTo(unsigned char, unsigned char) build/hd44780.o
Hd44780::cursorHome()                             build/hd44780.o
Hd44780::cursorMove(Direction)                    build/hd44780.o
Hd44780::cursorMoveFirstLine()                    build/hd44780.o
Hd44780::cursorMoveNextLine()                     build/hd44780.o
Hd44780::displayShift(Direction)                  build/hd44780.o
Hd44780::getLastError()                           build/hd44780.o
Hd44780::init(Hd44780::Size, Hd44780::Font)       build/hd44780.o
Hd44780::print(char const*)                       build/hd44780.o
Hd44780::print(char)                              build/hd44780.o
Hd44780::setControlPort(GpioPin const*, GpioPin const*, GpioPin const*) build/hd44780.o
Hd44780::setCustomCharacter(unsigned char, unsigned char const*) build/hd44780.o
Hd44780::setDataPort(GpioBus const*)              build/hd44780.o
Hd44780::setDisplayState(Hd44780::DisplayState)   build/hd44780.o
Hd44780::setEntryMode(Hd44780::Step, Hd44780::DisplayMode) build/hd44780.o
Hd44780::stdio()                                  build/hd44780.o
Hd44780::~Hd44780()                               build/hd44780.o
Hd44780::~Hd44780()                               build/hd44780.o
Int0::Int0()                                      build/int0.o
Int0::Int0()                                      build/int0.o
Int0::_instance                                   build/int0.o
Int0::init(Int0::SenseMode)                       build/int0.o
Int0::setPinMode(PinMode)                         build/int0.o
Int0::setSenseMode(Int0::SenseMode)               build/int0.o
Int0::~Int0()                                     build/int0.o
Int0::~Int0()                                     build/int0.o
Int1::Int1()                                      build/int1.o
Int1::Int1()                                      build/int1.o
Int1::_instance                                   build/int1.o
Int1::init(Int1::SenseMode)                       build/int1.o
Int1::setPinMode(PinMode)                         build/int1.o
Int1::setSenseMode(Int1::SenseMode)               build/int1.o
Int1::~Int1()                                     build/int1.o
Int1::~Int1()                                     build/int1.o
Pcint0::Pcint0()                                  build/pcint0.o
Pcint0::Pcint0()                                  build/pcint0.o
Pcint0::_instance                                 build/pcint0.o
Pcint0::disablePins(Pcint0::Pin)                  build/pcint0.o
Pcint0::enablePins(Pcint0::Pin)                   build/pcint0.o
Pcint0::init(Pcint0::Pin)                         build/pcint0.o
Pcint0::setPinMode(Pcint0::Pin, PinMode)          build/pcint0.o
Pcint0::~Pcint0()                                 build/pcint0.o
Pcint0::~Pcint0()                                 build/pcint0.o
Pcint1::Pcint1()                                  build/pcint1.o
Pcint1::Pcint1()                                  build/pcint1.o
Pcint1::_instance                                 build/pcint1.o
                                                  build/main.o
Pcint1::disablePins(Pcint1::Pin)                  build/pcint1.o
Pcint1::enablePins(Pcint1::Pin)                   build/pcint1.o
Pcint1::init(Pcint1::Pin)                         build/pcint1.o
                                                  build/main.o
Pcint1::setPinMode(Pcint1::Pin, PinMode)          build/pcint1.o
                                                  build/main.o
Pcint1::~Pcint1()                                 build/pcint1.o
Pcint1::~Pcint1()                                 build/pcint1.o
Pcint2::Pcint2()                                  build/pcint2.o
Pcint2::Pcint2()                                  build/pcint2.o
Pcint2::_instance                                 build/pcint2.o
Pcint2::disablePins(Pcint2::Pin)                  build/pcint2.o
Pcint2::enablePins(Pcint2::Pin)                   build/pcint2.o
Pcint2::init(Pcint2::Pin)                         build/pcint2.o
Pcint2::setPinMode(Pcint2::Pin, PinMode)          build/pcint2.o
Pcint2::~Pcint2()                                 build/pcint2.o
Pcint2::~Pcint2()                                 build/pcint2.o
SevenSegmentsMuxDisplay::SevenSegmentsMuxDisplay() build/sevenSegmentsMuxDisplay.o
SevenSegmentsMuxDisplay::SevenSegmentsMuxDisplay() build/sevenSegmentsMuxDisplay.o
SevenSegmentsMuxDisplay::init(SevenSegmentsDisplayType) build/sevenSegmentsMuxDisplay.o
SevenSegmentsMuxDisplay::setPorts(GpioBus*, GpioBus*, LogicLevel) build/sevenSegmentsMuxDisplay.o
SevenSegmentsMuxDisplay::showNextDigit()          build/sevenSegmentsMuxDisplay.o
SevenSegmentsMuxDisplay::updateDigitValues(unsigned char const*, bool const*) build/sevenSegmentsMuxDisplay.o
SevenSegmentsMuxDisplay::~SevenSegmentsMuxDisplay() build/sevenSegmentsMuxDisplay.o
SevenSegmentsMuxDisplay::~SevenSegmentsMuxDisplay() build/sevenSegmentsMuxDisplay.o
Ssd1306::Ssd1306()                                build/ssd1306.o
                                                  build/main.o
Ssd1306::Ssd1306()                                build/ssd1306.o
Ssd1306::_isInitialized()                         build/ssd1306.o
Ssd1306::_setAddress(unsigned char, unsigned char) build/ssd1306.o
Ssd1306::_writeChar(char)                         build/ssd1306.o
Ssd1306::_writeCommand(unsigned char)             build/ssd1306.o
Ssd1306::_writeCommandList(unsigned char const*, unsigned char) build/ssd1306.o
Ssd1306::_writeData(unsigned char const*, unsigned char) build/ssd1306.o
Ssd1306::clearScreen()                            build/ssd1306.o
                                                  build/main.o
Ssd1306::drawHLine(unsigned char, unsigned char, unsigned char) build/ssd1306.o
Ssd1306::drawRect(unsigned char, unsigned char, unsigned char, unsigned char) build/ssd1306.o
Ssd1306::drawVLine(unsigned char, unsigned char, unsigned char) build/ssd1306.o
Ssd1306::fillRect(unsigned char, unsigned char, unsigned char, unsigned char, bool) build/ssd1306.o
                                                  build/main.o
Ssd1306::getLastError()                           build/ssd1306.o
Ssd1306::init(Bus*, Ssd1306::Size, unsigned char) build/ssd1306.o
                                                  build/main.o
Ssd1306::print(char const*)                       build/ssd1306.o
                                                  build/main.o
Ssd1306::print(char)                              build/ssd1306.o
Ssd1306::setContrast(unsigned char)               build/ssd1306.o
Ssd1306::setCursor(unsigned char, unsigned char)  build/ssd1306.o
                                                  build/main.o
Ssd1306::setDisplayState(Activation)              build/ssd1306.o
Ssd1306::setTextSize(unsigned char)               build/ssd1306.o
                                                  build/main.o
Ssd1306::setUpsideDown(bool)                      build/ssd1306.o
                                                  build/main.o
Ssd1306::stdio()                                  build/ssd1306.o
Ssd1306::~Ssd1306()                               build/ssd1306.o
Ssd1306::~Ssd1306()                               build/ssd1306.o
                                                  build/main.o
SystemStatus::SystemStatus(unsigned long)         build/systemStatus.o
SystemStatus::SystemStatus(unsigned long)         build/systemStatus.o
SystemStatus::getCpuClock(unsigned long*)         build/systemStatus.o
                                                  build/usart0.o
                                                  build/twi.o
SystemStatus::getLastError()                      build/systemStatus.o
SystemStatus::setClockPrescaler(SystemStatus::ClockPrescaler) build/systemStatus.o
SystemStatus::~SystemStatus()                     build/systemStatus.o
SystemStatus::~SystemStatus()                     build/systemStatus.o
Timer0::Timer0()                                  build/timer0.o
Timer0::Timer0()                                  build/timer0.o
Timer0::_instance                                 build/timer0.o
                                                  build/main.o
Timer0::init(Timer0::Mode, Timer0::ClockSource)   build/timer0.o
                                                  build/main.o
Timer0::setClockSource(Timer0::ClockSource)       build/timer0.o
Timer0::setMode(Timer0::Mode)                     build/timer0.o
Timer0::setOutputMode(Timer0::OutputMode, Timer0::OutputMode) build/timer0.o
Timer0::~Timer0()                                 build/timer0.o
Timer0::~Timer0()                                 build/timer0.o
Timer1::Timer1()                                  build/timer1.o
Timer1::Timer1()                                  build/timer1.o
Timer1::_instance                                 build/timer1.o
                                                  build/main.o
Timer1::init(Timer1::Mode, Timer1::ClockSource)   build/timer1.o
                                                  build/main.o
Timer1::setClockSource(Timer1::ClockSource)       build/timer1.o
Timer1::setInputCaptureMode(Edge, bool)           build/timer1.o
Timer1::setMode(Timer1::Mode)                     build/timer1.o
Timer1::setOutputMode(Timer1::OutputMode, Timer1::OutputMode) build/timer1.o
Timer1::~Timer1()                                 build/timer1.o
Timer1::~Timer1()                                 build/timer1.o
Timer2::Timer2()                                  build/timer2.o
Timer2::Timer2()                                  build/timer2.o
Timer2::_instance                                 build/timer2.o
Timer2::init(Timer2::Mode, Timer2::ClockSource)   build/timer2.o
Timer2::setClockSource(Timer2::ClockSource)       build/timer2.o
Timer2::setMode(Timer2::Mode)                     build/timer2.o
Timer2::setOutputMode(Timer2::OutputMode, Timer2::OutputMode) build/timer2.o
Timer2::~Timer2()                                 build/timer2.o
Timer2::~Timer2()                                 build/timer2.o
Twi::Twi()                                        build/twi.o
Twi::Twi()                                        build/twi.o
Twi::_readFromBuffer(unsigned char*, unsigned char) build/twi.o
Twi::_startTransmission()                         build/twi.o
Twi::_waitWhileIsBusy()                           build/twi.o
Twi::getBusType()                                 build/twi.o
Twi::getLastError()                               build/twi.o
Twi::init(unsigned long, unsigned char)           build/twi.o
                                                  build/main.o
Twi::interruptHandler()                           build/twi.o
Twi::readReg(unsigned char, unsigned char*, unsigned int) build/twi.o
Twi::sendData(unsigned char, Twi::Operation, unsigned char, unsigned char*, unsigned char) build/twi.o
Twi::setDevice(unsigned int, bool)                build/twi.o
Twi::setTimeout(unsigned int)                     build/twi.o
Twi::writeReg(unsigned char, unsigned char const*, unsigned int) build/twi.o
Twi::~Twi()                                       build/twi.o
Twi::~Twi()                                       build/twi.o
Usart0::Usart0(Usart0::BaudRate, Usart0::Mode, Usart0::FrameFormat) build/usart0.o
Usart0::Usart0(Usart0::BaudRate, Usart0::Mode, Usart0::FrameFormat) build/usart0.o
Usart0::_clearDataOverrunError()                  build/usart0.o
Usart0::_clearFrameError()                        build/usart0.o
Usart0::_clearParityError()                       build/usart0.o
Usart0::_receiveDataStd(__file*)                  build/usart0.o
Usart0::flushReceptionBuffer()                    build/usart0.o
Usart0::getReceptionErrors(Usart0::ReceptionError*) build/usart0.o
Usart0::init()                                    build/usart0.o
                                                  build/main.o
Usart0::receiveData(unsigned int*)                build/usart0.o
Usart0::receiveDataStd(__file*)                   build/usart0.o
Usart0::sendData(unsigned int)                    build/usart0.o
Usart0::sendDataStd(char, __file*)                build/usart0.o
Usart0::setBaudRate(Usart0::BaudRate)             build/usart0.o
                                                  build/main.o
Usart0::setDataSize(Usart0::DataSize)             build/usart0.o
Usart0::setFrameFormat(Usart0::FrameFormat)       build/usart0.o
                                                  build/main.o
Usart0::setMode(Usart0::Mode)                     build/usart0.o
Usart0::setParityMode(Usart0::ParityMode)         build/usart0.o
Usart0::setStopBits(Usart0::StopBits)             build/usart0.o
Usart0::~Usart0()                                 build/usart0.o
Usart0::~Usart0()                                 build/usart0.o
__DATA_REGION_LENGTH__                            /usr/lib/gcc/avr/16.1.0/../../../../avr/lib/avr5/crtatmega328p.o
__DATA_REGION_ORIGIN__                            /usr/lib/gcc/avr/16.1.0/../../../../avr/lib/avr5/crtatmega328p.o
__EEPROM_REGION_LENGTH__                          /usr/lib/gcc/avr/16.1.0/../../../../avr/lib/avr5/crtatmega328p.o
__FUSE_REGION_LENGTH__                            /usr/lib/gcc/avr/16.1.0/../../../../avr/lib/avr5/crtatmega328p.o
__TEXT_REGION_LENGTH__                            /usr/lib/gcc/avr/16.1.0/../../../../avr/lib/avr5/crtatmega328p.o
__TEXT_REGION_ORIGIN__                            /usr/lib/gcc/avr/16.1.0/../../../../avr/lib/avr5/crtatmega328p.o
__addsf3                                          /usr/lib/gcc/avr/16.1.0/../../../../avr/lib/avr5/libm.a(addsf3.o)
                                                  build/main.o
__addsf3x                                         /usr/lib/gcc/avr/16.1.0/../../../../avr/lib/avr5/libm.a(addsf3x.o)
                                                  /usr/lib/gcc/avr/16.1.0/../../../../avr/lib/avr5/libm.a(addsf3.o)
__ashrdi3                                         /usr/lib/gcc/avr/16.1.0/avr5/libgcc.a(_ashrdi3.o)
__bad_interrupt                                   /usr/lib/gcc/avr/16.1.0/../../../../avr/lib/avr5/crtatmega328p.o
__brkval                                          /usr/lib/gcc/avr/16.1.0/../../../../avr/lib/avr5/libc.a(malloc.o)
__bss_end                                         /usr/lib/gcc/avr/16.1.0/avr5/libgcc.a(_clear_bss.o)
__bss_start                                       /usr/lib/gcc/avr/16.1.0/avr5/libgcc.a(_clear_bss.o)
__call_main                                       /usr/lib/gcc/avr/16.1.0/../../../../avr/lib/avr5/libatmega328p.a(call_main.o)
                                                  /usr/lib/gcc/avr/16.1.0/../../../../avr/lib/avr5/crtatmega328p.o
__cmpsf2                                          /usr/lib/gcc/avr/16.1.0/../../../../avr/lib/avr5/libm.a(cmpsf2.o)
__ctors_end                                       /usr/lib/gcc/avr/16.1.0/avr5/libgcc.a(_ctors.o)
__ctors_start                                     /usr/lib/gcc/avr/16.1.0/avr5/libgcc.a(_ctors.o)
__data_end                                        /usr/lib/gcc/avr/16.1.0/avr5/libgcc.a(_copy_data.o)
__data_load_start                                 /usr/lib/gcc/avr/16.1.0/avr5/libgcc.a(_copy_data.o)
__data_start                                      /usr/lib/gcc/avr/16.1.0/avr5/libgcc.a(_copy_data.o)
__divmodhi4                                       /usr/lib/gcc/avr/16.1.0/avr5/libgcc.a(_divmodhi4.o)
                                                  build/main.o
                                                  build/ssd1306.o
                                                  build/hd44780.o
__divmodsi4                                       /usr/lib/gcc/avr/16.1.0/avr5/libgcc.a(_divmodsi4.o)
                                                  build/main.o
__divsf3                                          /usr/lib/gcc/avr/16.1.0/../../../../avr/lib/avr5/libm.a(divsf3.o)
                                                  build/main.o
__divsf3_pse                                      /usr/lib/gcc/avr/16.1.0/../../../../avr/lib/avr5/libm.a(divsf3x.o)
__divsf3x                                         /usr/lib/gcc/avr/16.1.0/../../../../avr/lib/avr5/libm.a(divsf3x.o)
                                                  /usr/lib/gcc/avr/16.1.0/../../../../avr/lib/avr5/libm.a(divsf3.o)
__do_clear_bss                                    /usr/lib/gcc/avr/16.1.0/avr5/libgcc.a(_clear_bss.o)
                                                  /usr/lib/gcc/avr/16.1.0/../../../../avr/lib/avr5/libc.a(iob.o)
                                                  /usr/lib/gcc/avr/16.1.0/../../../../avr/lib/avr5/libc.a(malloc.o)
                                                  build/main.o
                                                  build/systemStatus.o
                                                  build/debug.o
                                                  build/usart0.o
                                                  build/twi.o
                                                  build/timer2.o
                                                  build/timer1.o
                                                  build/timer0.o
                                                  build/pcint2.o
                                                  build/pcint1.o
                                                  build/pcint0.o
                                                  build/int1.o
                                                  build/int0.o
                                                  build/adc.o
                                                  build/ssd1306.o
                                                  build/hd44780.o
__do_copy_data                                    /usr/lib/gcc/avr/16.1.0/avr5/libgcc.a(_copy_data.o)
                                                  /usr/lib/gcc/avr/16.1.0/../../../../avr/lib/avr5/libc.a(malloc.o)
                                                  build/main.o
                                                  build/dateTime.o
                                                  build/twi.o
__do_global_ctors                                 /usr/lib/gcc/avr/16.1.0/avr5/libgcc.a(_ctors.o)
                                                  build/main.o
                                                  build/systemStatus.o
                                                  build/debug.o
                                                  build/usart0.o
                                                  build/twi.o
                                                  build/timer2.o
                                                  build/timer1.o
                                                  build/timer0.o
                                                  build/pcint2.o
                                                  build/pcint1.o
                                                  build/pcint0.o
                                                  build/int1.o
                                                  build/int0.o
                                                  build/adc.o
__do_global_dtors                                 /usr/lib/gcc/avr/16.1.0/avr5/libgcc.a(_dtors.o)
                                                  build/main.o
                                                  build/twi.o
__dtors_end                                       /usr/lib/gcc/avr/16.1.0/avr5/libgcc.a(_dtors.o)
__dtors_start                                     /usr/lib/gcc/avr/16.1.0/avr5/libgcc.a(_dtors.o)
__epilogue_restores__                             /usr/lib/gcc/avr/16.1.0/avr5/libgcc.a(_epilogue.o)
                                                  /usr/lib/gcc/avr/16.1.0/../../../../avr/lib/avr5/libc.a(vfprintf_std.o)
                                                  /usr/lib/gcc/avr/16.1.0/../../../../avr/lib/avr5/libc.a(sprintf_p.o)
                                                  /usr/lib/gcc/avr/16.1.0/../../../../avr/lib/avr5/libc.a(printf.o)
__eqsf2                                           /usr/lib/gcc/avr/16.1.0/../../../../avr/lib/avr5/libm.a(cmpsf2.o)
__fixsfsi                                         /usr/lib/gcc/avr/16.1.0/../../../../avr/lib/avr5/libm.a(fixsfsi.o)
                                                  build/main.o
__fixunssfsi                                      /usr/lib/gcc/avr/16.1.0/../../../../avr/lib/avr5/libm.a(fixunssfsi.o)
                                                  /usr/lib/gcc/avr/16.1.0/../../../../avr/lib/avr5/libm.a(fixsfsi.o)
__floatsisf                                       /usr/lib/gcc/avr/16.1.0/../../../../avr/lib/avr5/libm.a(floatsisf.o)
                                                  build/main.o
__floatunsisf                                     /usr/lib/gcc/avr/16.1.0/../../../../avr/lib/avr5/libm.a(floatsisf.o)
__flp                                             /usr/lib/gcc/avr/16.1.0/../../../../avr/lib/avr5/libc.a(malloc.o)
__fp_cmp                                          /usr/lib/gcc/avr/16.1.0/../../../../avr/lib/avr5/libm.a(fp_cmp.o)
                                                  /usr/lib/gcc/avr/16.1.0/../../../../avr/lib/avr5/libm.a(gesf2.o)
                                                  /usr/lib/gcc/avr/16.1.0/../../../../avr/lib/avr5/libm.a(cmpsf2.o)
__fp_inf                                          /usr/lib/gcc/avr/16.1.0/../../../../avr/lib/avr5/libm.a(fp_inf.o)
                                                  /usr/lib/gcc/avr/16.1.0/../../../../avr/lib/avr5/libm.a(mulsf3x.o)
                                                  /usr/lib/gcc/avr/16.1.0/../../../../avr/lib/avr5/libm.a(divsf3x.o)
                                                  /usr/lib/gcc/avr/16.1.0/../../../../avr/lib/avr5/libm.a(addsf3x.o)
__fp_nan                                          /usr/lib/gcc/avr/16.1.0/../../../../avr/lib/avr5/libm.a(fp_nan.o)
                                                  /usr/lib/gcc/avr/16.1.0/../../../../avr/lib/avr5/libm.a(mulsf3x.o)
                                                  /usr/lib/gcc/avr/16.1.0/../../../../avr/lib/avr5/libm.a(divsf3x.o)
                                                  /usr/lib/gcc/avr/16.1.0/../../../../avr/lib/avr5/libm.a(addsf3x.o)
__fp_pscA                                         /usr/lib/gcc/avr/16.1.0/../../../../avr/lib/avr5/libm.a(fp_pscA.o)
                                                  /usr/lib/gcc/avr/16.1.0/../../../../avr/lib/avr5/libm.a(mulsf3x.o)
                                                  /usr/lib/gcc/avr/16.1.0/../../../../avr/lib/avr5/libm.a(divsf3x.o)
                                                  /usr/lib/gcc/avr/16.1.0/../../../../avr/lib/avr5/libm.a(addsf3x.o)
__fp_pscB                                         /usr/lib/gcc/avr/16.1.0/../../../../avr/lib/avr5/libm.a(fp_pscB.o)
                                                  /usr/lib/gcc/avr/16.1.0/../../../../avr/lib/avr5/libm.a(mulsf3x.o)
                                                  /usr/lib/gcc/avr/16.1.0/../../../../avr/lib/avr5/libm.a(divsf3x.o)
                                                  /usr/lib/gcc/avr/16.1.0/../../../../avr/lib/avr5/libm.a(addsf3x.o)
__fp_round                                        /usr/lib/gcc/avr/16.1.0/../../../../avr/lib/avr5/libm.a(fp_round.o)
                                                  /usr/lib/gcc/avr/16.1.0/../../../../avr/lib/avr5/libm.a(mulsf3.o)
                                                  /usr/lib/gcc/avr/16.1.0/../../../../avr/lib/avr5/libm.a(divsf3.o)
                                                  /usr/lib/gcc/avr/16.1.0/../../../../avr/lib/avr5/libm.a(addsf3.o)
__fp_split3                                       /usr/lib/gcc/avr/16.1.0/../../../../avr/lib/avr5/libm.a(fp_split3.o)
                                                  /usr/lib/gcc/avr/16.1.0/../../../../avr/lib/avr5/libm.a(mulsf3x.o)
                                                  /usr/lib/gcc/avr/16.1.0/../../../../avr/lib/avr5/libm.a(divsf3x.o)
                                                  /usr/lib/gcc/avr/16.1.0/../../../../avr/lib/avr5/libm.a(addsf3x.o)
__fp_splitA                                       /usr/lib/gcc/avr/16.1.0/../../../../avr/lib/avr5/libm.a(fp_split3.o)
                                                  /usr/lib/gcc/avr/16.1.0/../../../../avr/lib/avr5/libm.a(fixunssfsi.o)
__fp_szero                                        /usr/lib/gcc/avr/16.1.0/../../../../avr/lib/avr5/libm.a(fp_zero.o)
                                                  /usr/lib/gcc/avr/16.1.0/../../../../avr/lib/avr5/libm.a(mulsf3x.o)
                                                  /usr/lib/gcc/avr/16.1.0/../../../../avr/lib/avr5/libm.a(fixsfsi.o)
                                                  /usr/lib/gcc/avr/16.1.0/../../../../avr/lib/avr5/libm.a(divsf3x.o)
__fp_zero                                         /usr/lib/gcc/avr/16.1.0/../../../../avr/lib/avr5/libm.a(fp_zero.o)
                                                  /usr/lib/gcc/avr/16.1.0/../../../../avr/lib/avr5/libm.a(fixunssfsi.o)
                                                  /usr/lib/gcc/avr/16.1.0/../../../../avr/lib/avr5/libm.a(addsf3x.o)
__gesf2                                           /usr/lib/gcc/avr/16.1.0/../../../../avr/lib/avr5/libm.a(gesf2.o)
__gtsf2                                           /usr/lib/gcc/avr/16.1.0/../../../../avr/lib/avr5/libm.a(gesf2.o)
                                                  build/main.o
__heap_end                                        /usr/lib/gcc/avr/16.1.0/../../../../avr/lib/avr5/crtatmega328p.o
                                                  /usr/lib/gcc/avr/16.1.0/../../../../avr/lib/avr5/libc.a(malloc.o)
__heap_start                                      /usr/lib/gcc/avr/16.1.0/../../../../avr/lib/avr5/libc.a(malloc.o)
__init                                            /usr/lib/gcc/avr/16.1.0/../../../../avr/lib/avr5/crtatmega328p.o
__init_sp                                         /usr/lib/gcc/avr/16.1.0/../../../../avr/lib/avr5/libatmega328p.a(init_sp.o)
                                                  /usr/lib/gcc/avr/16.1.0/../../../../avr/lib/avr5/crtatmega328p.o
__iob                                             /usr/lib/gcc/avr/16.1.0/../../../../avr/lib/avr5/libc.a(iob.o)
                                                  /usr/lib/gcc/avr/16.1.0/../../../../avr/lib/avr5/libc.a(puts.o)
                                                  /usr/lib/gcc/avr/16.1.0/../../../../avr/lib/avr5/libc.a(printf.o)
                                                  build/main.o
                                                  build/ssd1306.o
                                                  build/hd44780.o
__lesf2                                           /usr/lib/gcc/avr/16.1.0/../../../../avr/lib/avr5/libm.a(cmpsf2.o)
__lshrdi3                                         /usr/lib/gcc/avr/16.1.0/avr5/libgcc.a(_ashrdi3.o)
                                                  build/usart0.o
__ltsf2                                           /usr/lib/gcc/avr/16.1.0/../../../../avr/lib/avr5/libm.a(cmpsf2.o)
                                                  build/main.o
__malloc_heap_end                                 /usr/lib/gcc/avr/16.1.0/../../../../avr/lib/avr5/libc.a(malloc.o)
__malloc_heap_start                               /usr/lib/gcc/avr/16.1.0/../../../../avr/lib/avr5/libc.a(malloc.o)
__malloc_margin                                   /usr/lib/gcc/avr/16.1.0/../../../../avr/lib/avr5/libc.a(malloc.o)
__mulsf3                                          /usr/lib/gcc/avr/16.1.0/../../../../avr/lib/avr5/libm.a(mulsf3.o)
                                                  build/main.o
__mulsf3_pse                                      /usr/lib/gcc/avr/16.1.0/../../../../avr/lib/avr5/libm.a(mulsf3x.o)
__mulsf3x                                         /usr/lib/gcc/avr/16.1.0/../../../../avr/lib/avr5/libm.a(mulsf3x.o)
                                                  /usr/lib/gcc/avr/16.1.0/../../../../avr/lib/avr5/libm.a(mulsf3.o)
__muluhisi3                                       /usr/lib/gcc/avr/16.1.0/avr5/libgcc.a(_muluhisi3.o)
                                                  build/main.o
                                                  build/usart0.o
__negsi2                                          /usr/lib/gcc/avr/16.1.0/avr5/libgcc.a(_negsi2.o)
                                                  /usr/lib/gcc/avr/16.1.0/../../../../avr/lib/avr5/libc.a(vfprintf_std.o)
                                                  /usr/lib/gcc/avr/16.1.0/../../../../avr/lib/avr5/libm.a(floatsisf.o)
                                                  /usr/lib/gcc/avr/16.1.0/../../../../avr/lib/avr5/libm.a(fixunssfsi.o)
                                                  /usr/lib/gcc/avr/16.1.0/avr5/libgcc.a(_divmodsi4.o)
__nesf2                                           /usr/lib/gcc/avr/16.1.0/../../../../avr/lib/avr5/libm.a(cmpsf2.o)
__prologue_saves__                                /usr/lib/gcc/avr/16.1.0/avr5/libgcc.a(_prologue.o)
                                                  /usr/lib/gcc/avr/16.1.0/../../../../avr/lib/avr5/libc.a(vfprintf_std.o)
                                                  /usr/lib/gcc/avr/16.1.0/../../../../avr/lib/avr5/libc.a(sprintf_p.o)
                                                  /usr/lib/gcc/avr/16.1.0/../../../../avr/lib/avr5/libc.a(printf.o)
__stack                                           /usr/lib/gcc/avr/16.1.0/../../../../avr/lib/avr5/crtatmega328p.o
                                                  /usr/lib/gcc/avr/16.1.0/../../../../avr/lib/avr5/libatmega328p.a(init_sp.o)
__subsf3                                          /usr/lib/gcc/avr/16.1.0/../../../../avr/lib/avr5/libm.a(addsf3.o)
                                                  build/main.o
__tablejump2__                                    /usr/lib/gcc/avr/16.1.0/avr5/libgcc.a(_tablejump2.o)
                                                  /usr/lib/gcc/avr/16.1.0/avr5/libgcc.a(_dtors.o)
                                                  /usr/lib/gcc/avr/16.1.0/avr5/libgcc.a(_ctors.o)
                                                  build/systemStatus.o
                                                  build/usart0.o
                                                  build/adc.o
                                                  build/sevenSegmentsDisplay.o
__udivmodhi4                                      /usr/lib/gcc/avr/16.1.0/avr5/libgcc.a(_udivmodhi4.o)
                                                  /usr/lib/gcc/avr/16.1.0/avr5/libgcc.a(_divmodhi4.o)
__udivmodsi4                                      /usr/lib/gcc/avr/16.1.0/avr5/libgcc.a(_udivmodsi4.o)
                                                  /usr/lib/gcc/avr/16.1.0/avr5/libgcc.a(_divmodsi4.o)
                                                  build/systemStatus.o
                                                  build/usart0.o
                                                  build/twi.o
__ultoa_invert                                    /usr/lib/gcc/avr/16.1.0/../../../../avr/lib/avr5/libc.a(ultoa_invert.o)
                                                  /usr/lib/gcc/avr/16.1.0/../../../../avr/lib/avr5/libc.a(vfprintf_std.o)
__umulhisi3                                       /usr/lib/gcc/avr/16.1.0/avr5/libgcc.a(_umulhisi3.o)
                                                  /usr/lib/gcc/avr/16.1.0/../../../../avr/lib/avr5/libc.a(calloc.o)
                                                  /usr/lib/gcc/avr/16.1.0/avr5/libgcc.a(_muluhisi3.o)
                                                  build/dateTime.o
                                                  build/gpioPin.o
                                                  build/gpioBus.o
                                                  build/ds1307.o
__vector_1                                        build/int0.o
                                                  /usr/lib/gcc/avr/16.1.0/../../../../avr/lib/avr5/crtatmega328p.o
__vector_10                                       build/timer1.o
                                                  /usr/lib/gcc/avr/16.1.0/../../../../avr/lib/avr5/crtatmega328p.o
__vector_11                                       build/timer1.o
                                                  /usr/lib/gcc/avr/16.1.0/../../../../avr/lib/avr5/crtatmega328p.o
__vector_12                                       build/timer1.o
                                                  /usr/lib/gcc/avr/16.1.0/../../../../avr/lib/avr5/crtatmega328p.o
__vector_13                                       build/timer1.o
                                                  /usr/lib/gcc/avr/16.1.0/../../../../avr/lib/avr5/crtatmega328p.o
__vector_14                                       build/timer0.o
                                                  /usr/lib/gcc/avr/16.1.0/../../../../avr/lib/avr5/crtatmega328p.o
__vector_15                                       build/timer0.o
                                                  /usr/lib/gcc/avr/16.1.0/../../../../avr/lib/avr5/crtatmega328p.o
__vector_16                                       build/timer0.o
                                                  /usr/lib/gcc/avr/16.1.0/../../../../avr/lib/avr5/crtatmega328p.o
__vector_17                                       /usr/lib/gcc/avr/16.1.0/../../../../avr/lib/avr5/crtatmega328p.o
__vector_18                                       build/usart0.o
                                                  /usr/lib/gcc/avr/16.1.0/../../../../avr/lib/avr5/crtatmega328p.o
__vector_19                                       build/usart0.o
                                                  /usr/lib/gcc/avr/16.1.0/../../../../avr/lib/avr5/crtatmega328p.o
__vector_2                                        build/int1.o
                                                  /usr/lib/gcc/avr/16.1.0/../../../../avr/lib/avr5/crtatmega328p.o
__vector_20                                       build/usart0.o
                                                  /usr/lib/gcc/avr/16.1.0/../../../../avr/lib/avr5/crtatmega328p.o
__vector_21                                       build/adc.o
                                                  /usr/lib/gcc/avr/16.1.0/../../../../avr/lib/avr5/crtatmega328p.o
__vector_22                                       /usr/lib/gcc/avr/16.1.0/../../../../avr/lib/avr5/crtatmega328p.o
__vector_23                                       /usr/lib/gcc/avr/16.1.0/../../../../avr/lib/avr5/crtatmega328p.o
__vector_24                                       build/twi.o
                                                  /usr/lib/gcc/avr/16.1.0/../../../../avr/lib/avr5/crtatmega328p.o
__vector_25                                       /usr/lib/gcc/avr/16.1.0/../../../../avr/lib/avr5/crtatmega328p.o
__vector_3                                        build/pcint0.o
                                                  /usr/lib/gcc/avr/16.1.0/../../../../avr/lib/avr5/crtatmega328p.o
__vector_4                                        build/pcint1.o
                                                  /usr/lib/gcc/avr/16.1.0/../../../../avr/lib/avr5/crtatmega328p.o
__vector_5                                        build/pcint2.o
                                                  /usr/lib/gcc/avr/16.1.0/../../../../avr/lib/avr5/crtatmega328p.o
__vector_6                                        /usr/lib/gcc/avr/16.1.0/../../../../avr/lib/avr5/crtatmega328p.o
__vector_7                                        build/timer2.o
                                                  /usr/lib/gcc/avr/16.1.0/../../../../avr/lib/avr5/crtatmega328p.o